This file contains any messages produced by compilers while
running configure, to aid debugging if configure makes a mistake.

It was created by vulkan-engine configure VERSION, which was
generated by GNU Autoconf 2.72.  Invocation command line was

  $ ./configure VULKAN_SDK=/home/dave/src/1.4.341.1/1.4.341.1/x86_64 --no-create --no-recursion

## --------- ##
## Platform. ##
## --------- ##

hostname = dave-precisiontower7910
uname -m = x86_64
uname -r = 6.14.0-37-generic
uname -s = Linux
uname -v = #37-Ubuntu SMP PREEMPT_DYNAMIC Fri Nov 14 22:10:32 UTC 2025

/usr/bin/uname -p = x86_64
/bin/uname -X     = unknown

/bin/arch              = x86_64
/usr/bin/arch -k       = unknown
/usr/convex/getsysinfo = unknown
/usr/bin/hostinfo      = unknown
/bin/machine           = unknown
/usr/bin/oslevel       = unknown
/bin/universe          = unknown

PATH: /home/dave/.nvm/versions/node/v24.0.0/bin/
PATH: /home/dave/.deno/bin/
PATH: /home/dave/.local/bin/
PATH: /usr/local/sbin/
PATH: /usr/local/bin/
PATH: /usr/sbin/
PATH: /usr/bin/
PATH: /sbin/
PATH: /bin/
PATH: /usr/games/
PATH: /usr/local/games/
PATH: /snap/bin/


## ----------- ##
## Core tests. ##
## ----------- ##

configure:3062: looking for aux files: compile ltmain.sh config.guess config.sub missing install-sh
configure:3075:  trying ./
configure:3104:   ./compile found
configure:3104:   ./ltmain.sh found
configure:3104:   ./config.guess found
configure:3104:   ./config.sub found
configure:3104:   ./missing found
configure:3086:   ./install-sh found
configure:3241: checking for a BSD-compatible install
configure:3315: result: /usr/bin/install -c
configure:3326: checking whether sleep supports fractional seconds
configure:3342: result: yes
configure:3345: checking filesystem timestamp resolution
configure:3480: result: 0.01
configure:3485: checking whether build environment is sane
configure:3526: result: yes
configure:3697: checking for a race-free mkdir -p
configure:3740: result: /usr/bin/mkdir -p
configure:3747: checking for gawk
configure:3768: found /usr/bin/gawk
configure:3780: result: gawk
configure:3791: checking whether make sets $(MAKE)
configure:3815: result: yes
configure:3841: checking whether make supports nested variables
configure:3860: result: yes
configure:3874: checking xargs -n works
configure:3890: result: yes
configure:3998: checking build system type
configure:4014: result: x86_64-pc-linux-gnu
configure:4034: checking host system type
configure:4049: result: x86_64-pc-linux-gnu
configure:4118: checking how to print strings
configure:4145: result: printf
configure:4179: checking whether make supports the include directive
configure:4194: make -f confmf.GNU && cat confinc.out
make[1]: Entering directory '/media/dave/66500f06-a3cf-47f0-84ba-8a504c126c1b/vulkan-engine'
make[1]: Leaving directory '/media/dave/66500f06-a3cf-47f0-84ba-8a504c126c1b/vulkan-engine'
this is the am__doit target
configure:4197: $? = 0
configure:4216: result: yes (GNU style)
configure:4293: checking for gcc
configure:4314: found /usr/bin/gcc
configure:4326: result: gcc
configure:4685: checking for C compiler version
configure:4694: gcc --version >&5
gcc (Ubuntu 14.2.0-19ubuntu2) 14.2.0
Copyright (C) 2024 Free Software Foundation, Inc.
This is free software; see the source for copying conditions.  There is NO
warranty; not even for MERCHANTABILITY or FITNESS FOR A PARTICULAR PURPOSE.

configure:4705: $? = 0
configure:4694: gcc -v >&5
Using built-in specs.
COLLECT_GCC=gcc
COLLECT_LTO_WRAPPER=/usr/libexec/gcc/x86_64-linux-gnu/14/lto-wrapper
OFFLOAD_TARGET_NAMES=nvptx-none:amdgcn-amdhsa
OFFLOAD_TARGET_DEFAULT=1
Target: x86_64-linux-gnu
Configured with: ../src/configure -v --with-pkgversion='Ubuntu 14.2.0-19ubuntu2' --with-bugurl=file:///usr/share/doc/gcc-14/README.Bugs --enable-languages=c,ada,c++,go,d,fortran,objc,obj-c++,m2,rust --prefix=/usr --with-gcc-major-version-only --program-suffix=-14 --program-prefix=x86_64-linux-gnu- --enable-shared --enable-linker-build-id --libexecdir=/usr/libexec --without-included-gettext --enable-threads=posix --libdir=/usr/lib --enable-nls --enable-bootstrap --enable-clocale=gnu --enable-libstdcxx-debug --enable-libstdcxx-time=yes --with-default-libstdcxx-abi=new --enable-libstdcxx-backtrace --enable-gnu-unique-object --disable-vtable-verify --enable-plugin --enable-default-pie --with-system-zlib --enable-libphobos-checking=release --with-target-system-zlib=auto --enable-objc-gc=auto --enable-multiarch --disable-werror --enable-cet --with-arch-32=i686 --with-abi=m64 --with-multilib-list=m32,m64,mx32 --enable-multilib --with-tune=generic --enable-offload-targets=nvptx-none=/build/gcc-14-C86vgL/gcc-14-14.2.0/debian/tmp-nvptx/usr,amdgcn-amdhsa=/build/gcc-14-C86vgL/gcc-14-14.2.0/debian/tmp-gcn/usr --enable-offload-defaulted --without-cuda-driver --enable-checking=release --build=x86_64-linux-gnu --host=x86_64-linux-gnu --target=x86_64-linux-gnu --with-build-config=bootstrap-lto-lean --enable-link-serialization=2
Thread model: posix
Supported LTO compression algorithms: zlib zstd
gcc version 14.2.0 (Ubuntu 14.2.0-19ubuntu2) 
... rest of stderr output deleted ...
configure:4705: $? = 0
configure:4694: gcc -V >&5
gcc: error: unrecognized command-line option '-V'
gcc: fatal error: no input files
compilation terminated.
configure:4705: $? = 1
configure:4694: gcc -qversion >&5
gcc: error: unrecognized command-line option '-qversion'; did you mean '--version'?
gcc: fatal error: no input files
compilation terminated.
configure:4705: $? = 1
configure:4694: gcc -version >&5
gcc: error: unrecognized command-line option '-version'
gcc: fatal error: no input files
compilation terminated.
configure:4705: $? = 1
configure:4725: checking whether the C compiler works
configure:4747: gcc    conftest.c  >&5
configure:4751: $? = 0
configure:4802: result: yes
configure:4806: checking for C compiler default output file name
configure:4808: result: a.out
configure:4814: checking for suffix of executables
configure:4821: gcc -o conftest    conftest.c  >&5
configure:4825: $? = 0
configure:4849: result: 
configure:4873: checking whether we are cross compiling
configure:4881: gcc -o conftest    conftest.c  >&5
configure:4885: $? = 0
configure:4892: ./conftest
configure:4896: $? = 0
configure:4911: result: no
configure:4917: checking for suffix of object files
configure:4940: gcc -c   conftest.c >&5
configure:4944: $? = 0
configure:4968: result: o
configure:4972: checking whether the compiler supports GNU C
configure:4992: gcc -c   conftest.c >&5
configure:4992: $? = 0
configure:5004: result: yes
configure:5015: checking whether gcc accepts -g
configure:5036: gcc -c -g  conftest.c >&5
configure:5036: $? = 0
configure:5083: result: yes
configure:5103: checking for gcc option to enable C11 features
configure:5118: gcc  -c -g -O2  conftest.c >&5
configure:5118: $? = 0
configure:5137: result: none needed
configure:5261: checking whether gcc understands -c and -o together
configure:5284: gcc -c conftest.c -o conftest2.o
configure:5287: $? = 0
configure:5284: gcc -c conftest.c -o conftest2.o
configure:5287: $? = 0
configure:5300: result: yes
configure:5319: checking dependency style of gcc
configure:5432: result: gcc3
configure:5447: checking for a sed that does not truncate output
configure:5519: result: /usr/bin/sed
configure:5537: checking for grep that handles long lines and -e
configure:5603: result: /usr/bin/grep
configure:5608: checking for egrep
configure:5678: result: /usr/bin/grep -E
configure:5685: checking for fgrep
configure:5755: result: /usr/bin/grep -F
configure:5792: checking for ld used by gcc
configure:5861: result: /usr/bin/ld
configure:5868: checking if the linker (/usr/bin/ld) is GNU ld
configure:5885: result: yes
configure:5897: checking for BSD- or MS-compatible name lister (nm)
configure:5953: result: /usr/bin/nm -B
configure:6095: checking the name lister (/usr/bin/nm -B) interface
configure:6103: gcc -c -g -O2  conftest.c >&5
configure:6106: /usr/bin/nm -B "conftest.o"
configure:6109: output
0000000000000000 B some_variable
configure:6117: result: BSD nm
configure:6120: checking whether ln -s works
configure:6124: result: yes
configure:6132: checking the maximum length of command line arguments
configure:6265: result: 1572864
configure:6313: checking how to convert x86_64-pc-linux-gnu file names to x86_64-pc-linux-gnu format
configure:6355: result: func_convert_file_noop
configure:6362: checking how to convert x86_64-pc-linux-gnu file names to toolchain format
configure:6384: result: func_convert_file_noop
configure:6391: checking for /usr/bin/ld option to reload object files
configure:6400: result: -r
configure:6433: checking for file
configure:6454: found /usr/bin/file
configure:6467: result: file
configure:6530: checking for objdump
configure:6551: found /usr/bin/objdump
configure:6563: result: objdump
configure:6595: checking how to recognize dependent libraries
configure:6804: result: pass_all
configure:6895: checking for dlltool
configure:6931: result: no
configure:6961: checking how to associate runtime and link libraries
configure:6990: result: printf %s\n
configure:7051: checking for ranlib
configure:7072: found /usr/bin/ranlib
configure:7084: result: ranlib
configure:7161: checking for ar
configure:7182: found /usr/bin/ar
configure:7194: result: ar
configure:7247: checking for archiver @FILE support
configure:7265: gcc -c -g -O2  conftest.c >&5
configure:7265: $? = 0
configure:7269: ar cr libconftest.a @conftest.lst >&5
configure:7272: $? = 0
configure:7277: ar cr libconftest.a @conftest.lst >&5
ar: conftest.o: No such file or directory
configure:7280: $? = 1
configure:7293: result: @
configure:7357: checking for strip
configure:7378: found /usr/bin/strip
configure:7390: result: strip
configure:7493: checking command to parse /usr/bin/nm -B output from gcc object
configure:7647: gcc -c -g -O2  conftest.c >&5
configure:7650: $? = 0
configure:7654: /usr/bin/nm -B conftest.o | /usr/bin/sed -n -e 's/^.*[	 ]\([ABCDGIRSTW][ABCDGIRSTW]*\)[	 ][	 ]*\([_A-Za-z][_A-Za-z0-9]*\)$/\1 \2 \2/p' | /usr/bin/sed '/ __gnu_lto/d' > conftest.nm
configure:7720: gcc -o conftest -g -O2   conftest.c conftstm.o >&5
configure:7723: $? = 0
configure:7762: result: ok
configure:7809: checking for sysroot
configure:7843: result: no
configure:7850: checking for a working dd
configure:7895: result: /usr/bin/dd
configure:7899: checking how to truncate binary pipes
configure:7916: result: /usr/bin/dd bs=4096 count=1
configure:8053: gcc -c -g -O2  conftest.c >&5
configure:8056: $? = 0
configure:8256: checking for mt
configure:8277: found /usr/bin/mt
configure:8289: result: mt
configure:8312: checking if mt is a manifest tool
configure:8319: mt '-?'
configure:8328: result: no
configure:9125: checking for stdio.h
configure:9125: gcc -c -g -O2  conftest.c >&5
configure:9125: $? = 0
configure:9125: result: yes
configure:9125: checking for stdlib.h
configure:9125: gcc -c -g -O2  conftest.c >&5
configure:9125: $? = 0
configure:9125: result: yes
configure:9125: checking for string.h
configure:9125: gcc -c -g -O2  conftest.c >&5
configure:9125: $? = 0
configure:9125: result: yes
configure:9125: checking for inttypes.h
configure:9125: gcc -c -g -O2  conftest.c >&5
configure:9125: $? = 0
configure:9125: result: yes
configure:9125: checking for stdint.h
configure:9125: gcc -c -g -O2  conftest.c >&5
configure:9125: $? = 0
configure:9125: result: yes
configure:9125: checking for strings.h
configure:9125: gcc -c -g -O2  conftest.c >&5
configure:9125: $? = 0
configure:9125: result: yes
configure:9125: checking for sys/stat.h
configure:9125: gcc -c -g -O2  conftest.c >&5
configure:9125: $? = 0
configure:9125: result: yes
configure:9125: checking for sys/types.h
configure:9125: gcc -c -g -O2  conftest.c >&5
configure:9125: $? = 0
configure:9125: result: yes
configure:9125: checking for unistd.h
configure:9125: gcc -c -g -O2  conftest.c >&5
configure:9125: $? = 0
configure:9125: result: yes
configure:9125: checking for sys/param.h
configure:9125: gcc -c -g -O2  conftest.c >&5
configure:9125: $? = 0
configure:9125: result: yes
configure:9150: checking for dlfcn.h
configure:9150: gcc -c -g -O2  conftest.c >&5
configure:9150: $? = 0
configure:9150: result: yes
configure:9453: checking for objdir
configure:9470: result: .libs
configure:9736: checking if gcc supports -fno-rtti -fno-exceptions
configure:9755: gcc -c -g -O2  -fno-rtti -fno-exceptions conftest.c >&5
cc1: warning: command-line option '-fno-rtti' is valid for C++/D/ObjC++ but not for C
configure:9759: $? = 0
configure:9773: result: no
configure:10152: checking for gcc option to produce PIC
configure:10161: result: -fPIC -DPIC
configure:10169: checking if gcc PIC flag -fPIC -DPIC works
configure:10188: gcc -c -g -O2  -fPIC -DPIC -DPIC conftest.c >&5
configure:10192: $? = 0
configure:10206: result: yes
configure:10235: checking if gcc static flag -static works
configure:10265: result: yes
configure:10280: checking if gcc supports -c -o file.o
configure:10302: gcc -c -g -O2  -o out/conftest2.o conftest.c >&5
configure:10306: $? = 0
configure:10329: result: yes
configure:10337: checking if gcc supports -c -o file.o
configure:10386: result: yes
configure:10419: checking whether the gcc linker (/usr/bin/ld -m elf_x86_64) supports shared libraries
configure:11707: result: yes
configure:11744: checking whether -lc should be explicitly linked in
configure:11753: gcc -c -g -O2  conftest.c >&5
configure:11756: $? = 0
configure:11771: gcc -shared  -fPIC -DPIC conftest.o  -v -Wl,-soname -Wl,conftest -o conftest 2\>\&1 \| /usr/bin/grep  -lc  \>/dev/null 2\>\&1
configure:11774: $? = 0
configure:11789: result: no
configure:11949: checking dynamic linker characteristics
configure:12568: gcc -o conftest -g -O2   -Wl,-rpath -Wl,/foo conftest.c  >&5
configure:12568: $? = 0
configure:13351: result: GNU/Linux ld.so
configure:13473: checking how to hardcode library paths into programs
configure:13498: result: immediate
configure:14098: checking whether stripping libraries is possible
configure:14107: result: yes
configure:14149: checking if libtool supports shared libraries
configure:14151: result: yes
configure:14154: checking whether to build shared libraries
configure:14179: result: yes
configure:14182: checking whether to build static libraries
configure:14186: result: yes
configure:14353: checking for g++
configure:14374: found /usr/bin/g++
configure:14386: result: g++
configure:14413: checking for C++ compiler version
configure:14422: g++ --version >&5
g++ (Ubuntu 14.2.0-19ubuntu2) 14.2.0
Copyright (C) 2024 Free Software Foundation, Inc.
This is free software; see the source for copying conditions.  There is NO
warranty; not even for MERCHANTABILITY or FITNESS FOR A PARTICULAR PURPOSE.

configure:14433: $? = 0
configure:14422: g++ -v >&5
Using built-in specs.
COLLECT_GCC=g++
COLLECT_LTO_WRAPPER=/usr/libexec/gcc/x86_64-linux-gnu/14/lto-wrapper
OFFLOAD_TARGET_NAMES=nvptx-none:amdgcn-amdhsa
OFFLOAD_TARGET_DEFAULT=1
Target: x86_64-linux-gnu
Configured with: ../src/configure -v --with-pkgversion='Ubuntu 14.2.0-19ubuntu2' --with-bugurl=file:///usr/share/doc/gcc-14/README.Bugs --enable-languages=c,ada,c++,go,d,fortran,objc,obj-c++,m2,rust --prefix=/usr --with-gcc-major-version-only --program-suffix=-14 --program-prefix=x86_64-linux-gnu- --enable-shared --enable-linker-build-id --libexecdir=/usr/libexec --without-included-gettext --enable-threads=posix --libdir=/usr/lib --enable-nls --enable-bootstrap --enable-clocale=gnu --enable-libstdcxx-debug --enable-libstdcxx-time=yes --with-default-libstdcxx-abi=new --enable-libstdcxx-backtrace --enable-gnu-unique-object --disable-vtable-verify --enable-plugin --enable-default-pie --with-system-zlib --enable-libphobos-checking=release --with-target-system-zlib=auto --enable-objc-gc=auto --enable-multiarch --disable-werror --enable-cet --with-arch-32=i686 --with-abi=m64 --with-multilib-list=m32,m64,mx32 --enable-multilib --with-tune=generic --enable-offload-targets=nvptx-none=/build/gcc-14-C86vgL/gcc-14-14.2.0/debian/tmp-nvptx/usr,amdgcn-amdhsa=/build/gcc-14-C86vgL/gcc-14-14.2.0/debian/tmp-gcn/usr --enable-offload-defaulted --without-cuda-driver --enable-checking=release --build=x86_64-linux-gnu --host=x86_64-linux-gnu --target=x86_64-linux-gnu --with-build-config=bootstrap-lto-lean --enable-link-serialization=2
Thread model: posix
Supported LTO compression algorithms: zlib zstd
gcc version 14.2.0 (Ubuntu 14.2.0-19ubuntu2) 
... rest of stderr output deleted ...
configure:14433: $? = 0
configure:14422: g++ -V >&5
g++: error: unrecognized command-line option '-V'
g++: fatal error: no input files
compilation terminated.
configure:14433: $? = 1
configure:14422: g++ -qversion >&5
g++: error: unrecognized command-line option '-qversion'; did you mean '--version'?
g++: fatal error: no input files
compilation terminated.
configure:14433: $? = 1
configure:14437: checking whether the compiler supports GNU C++
configure:14457: g++ -c   conftest.cpp >&5
configure:14457: $? = 0
configure:14469: result: yes
configure:14480: checking whether g++ accepts -g
configure:14501: g++ -c -g  conftest.cpp >&5
configure:14501: $? = 0
configure:14548: result: yes
configure:14568: checking for g++ option to enable C++11 features
configure:14583: g++  -c -g -O2  conftest.cpp >&5
conftest.cpp: In function 'int main(int, char**)':
conftest.cpp:190:25: warning: empty parentheses were disambiguated as a function declaration [-Wvexing-parse]
  190 |   cxx11test::delegate d2();
      |                         ^~
conftest.cpp:190:25: note: remove parentheses to default-initialize a variable
  190 |   cxx11test::delegate d2();
      |                         ^~
      |                         --
conftest.cpp:190:25: note: or replace parentheses with braces to value-initialize a variable
configure:14583: $? = 0
configure:14602: result: none needed
configure:14673: checking dependency style of g++
configure:14786: result: gcc3
configure:14819: checking how to run the C++ preprocessor
configure:14841: g++ -E  conftest.cpp
configure:14841: $? = 0
configure:14857: g++ -E  conftest.cpp
conftest.cpp:24:10: fatal error: ac_nonexistent.h: No such file or directory
   24 | #include <ac_nonexistent.h>
      |          ^~~~~~~~~~~~~~~~~~
compilation terminated.
configure:14857: $? = 1
configure: failed program was:
| /* confdefs.h */
| #define PACKAGE_NAME "vulkan-engine"
| #define PACKAGE_TARNAME "vulkan-engine"
| #define PACKAGE_VERSION "VERSION"
| #define PACKAGE_STRING "vulkan-engine VERSION"
| #define PACKAGE_BUGREPORT "BUG-REPORT-ADDRESS"
| #define PACKAGE_URL ""
| #define PACKAGE "vulkan-engine"
| #define VERSION "VERSION"
| #define HAVE_STDIO_H 1
| #define HAVE_STDLIB_H 1
| #define HAVE_STRING_H 1
| #define HAVE_INTTYPES_H 1
| #define HAVE_STDINT_H 1
| #define HAVE_STRINGS_H 1
| #define HAVE_SYS_STAT_H 1
| #define HAVE_SYS_TYPES_H 1
| #define HAVE_UNISTD_H 1
| #define HAVE_SYS_PARAM_H 1
| #define STDC_HEADERS 1
| #define HAVE_DLFCN_H 1
| #define LT_OBJDIR ".libs/"
| /* end confdefs.h.  */
| #include <ac_nonexistent.h>
configure:14886: result: g++ -E
configure:14900: g++ -E  conftest.cpp
configure:14900: $? = 0
configure:14916: g++ -E  conftest.cpp
conftest.cpp:24:10: fatal error: ac_nonexistent.h: No such file or directory
   24 | #include <ac_nonexistent.h>
      |          ^~~~~~~~~~~~~~~~~~
compilation terminated.
configure:14916: $? = 1
configure: failed program was:
| /* confdefs.h */
| #define PACKAGE_NAME "vulkan-engine"
| #define PACKAGE_TARNAME "vulkan-engine"
| #define PACKAGE_VERSION "VERSION"
| #define PACKAGE_STRING "vulkan-engine VERSION"
| #define PACKAGE_BUGREPORT "BUG-REPORT-ADDRESS"
| #define PACKAGE_URL ""
| #define PACKAGE "vulkan-engine"
| #define VERSION "VERSION"
| #define HAVE_STDIO_H 1
| #define HAVE_STDLIB_H 1
| #define HAVE_STRING_H 1
| #define HAVE_INTTYPES_H 1
| #define HAVE_STDINT_H 1
| #define HAVE_STRINGS_H 1
| #define HAVE_SYS_STAT_H 1
| #define HAVE_SYS_TYPES_H 1
| #define HAVE_UNISTD_H 1
| #define HAVE_SYS_PARAM_H 1
| #define STDC_HEADERS 1
| #define HAVE_DLFCN_H 1
| #define LT_OBJDIR ".libs/"
| /* end confdefs.h.  */
| #include <ac_nonexistent.h>
configure:15084: checking for ld used by g++
configure:15153: result: /usr/bin/ld -m elf_x86_64
configure:15160: checking if the linker (/usr/bin/ld -m elf_x86_64) is GNU ld
configure:15177: result: yes
configure:15231: checking whether the g++ linker (/usr/bin/ld -m elf_x86_64) supports shared libraries
configure:16319: result: yes
configure:16355: g++ -c -g -O2  conftest.cpp >&5
configure:16358: $? = 0
configure:16844: checking for g++ option to produce PIC
configure:16853: result: -fPIC -DPIC
configure:16861: checking if g++ PIC flag -fPIC -DPIC works
configure:16880: g++ -c -g -O2  -fPIC -DPIC -DPIC conftest.cpp >&5
configure:16884: $? = 0
configure:16898: result: yes
configure:16921: checking if g++ static flag -static works
configure:16951: result: yes
configure:16963: checking if g++ supports -c -o file.o
configure:16985: g++ -c -g -O2  -o out/conftest2.o conftest.cpp >&5
configure:16989: $? = 0
configure:17012: result: yes
configure:17017: checking if g++ supports -c -o file.o
configure:17066: result: yes
configure:17096: checking whether the g++ linker (/usr/bin/ld -m elf_x86_64) supports shared libraries
configure:17139: result: yes
configure:17282: checking dynamic linker characteristics
configure:18588: result: GNU/Linux ld.so
configure:18653: checking how to hardcode library paths into programs
configure:18678: result: immediate
configure:18722: checking for flex
configure:18743: found /usr/bin/flex
configure:18755: result: flex
configure:18804: checking for lex output file root
configure:18817: flex conftest.l
configure:18821: $? = 0
configure:18830: result: lex.yy
configure:18845: checking for lex library
configure:18870: gcc -o conftest -g -O2   conftest.c  >&5
configure:18870: $? = 0
configure:18884: result: none needed
configure:18900: checking for library containing yywrap
configure:18936: gcc -o conftest -g -O2   conftest.c  >&5
/usr/bin/ld: /tmp/cc6qb5hy.o: in function `main':
/media/dave/66500f06-a3cf-47f0-84ba-8a504c126c1b/vulkan-engine/conftest.c:38:(.text.startup+0x9): undefined reference to `yywrap'
collect2: error: ld returned 1 exit status
configure:18936: $? = 1
configure: failed program was:
| /* confdefs.h */
| #define PACKAGE_NAME "vulkan-engine"
| #define PACKAGE_TARNAME "vulkan-engine"
| #define PACKAGE_VERSION "VERSION"
| #define PACKAGE_STRING "vulkan-engine VERSION"
| #define PACKAGE_BUGREPORT "BUG-REPORT-ADDRESS"
| #define PACKAGE_URL ""
| #define PACKAGE "vulkan-engine"
| #define VERSION "VERSION"
| #define HAVE_STDIO_H 1
| #define HAVE_STDLIB_H 1
| #define HAVE_STRING_H 1
| #define HAVE_INTTYPES_H 1
| #define HAVE_STDINT_H 1
| #define HAVE_STRINGS_H 1
| #define HAVE_SYS_STAT_H 1
| #define HAVE_SYS_TYPES_H 1
| #define HAVE_UNISTD_H 1
| #define HAVE_SYS_PARAM_H 1
| #define STDC_HEADERS 1
| #define HAVE_DLFCN_H 1
| #define LT_OBJDIR ".libs/"
| /* end confdefs.h.  */
| 
| /* Override any GCC internal prototype to avoid an error.
|    Use char because int might match the return type of a GCC
|    builtin and then its argument prototype would still apply.
|    The 'extern "C"' is for builds by C++ compilers;
|    although this is not generally supported in C code supporting it here
|    has little cost and some practical benefit (sr 110532).  */
| #ifdef __cplusplus
| extern "C"
| #endif
| char yywrap (void);
| int
| main (void)
| {
| return yywrap ();
|   ;
|   return 0;
| }
configure:18936: gcc -o conftest -g -O2   conftest.c -lfl   >&5
/usr/bin/ld: /usr/lib/gcc/x86_64-linux-gnu/14/../../../x86_64-linux-gnu/libfl.so: undefined reference to `yylex'
collect2: error: ld returned 1 exit status
configure:18936: $? = 1
configure: failed program was:
| /* confdefs.h */
| #define PACKAGE_NAME "vulkan-engine"
| #define PACKAGE_TARNAME "vulkan-engine"
| #define PACKAGE_VERSION "VERSION"
| #define PACKAGE_STRING "vulkan-engine VERSION"
| #define PACKAGE_BUGREPORT "BUG-REPORT-ADDRESS"
| #define PACKAGE_URL ""
| #define PACKAGE "vulkan-engine"
| #define VERSION "VERSION"
| #define HAVE_STDIO_H 1
| #define HAVE_STDLIB_H 1
| #define HAVE_STRING_H 1
| #define HAVE_INTTYPES_H 1
| #define HAVE_STDINT_H 1
| #define HAVE_STRINGS_H 1
| #define HAVE_SYS_STAT_H 1
| #define HAVE_SYS_TYPES_H 1
| #define HAVE_UNISTD_H 1
| #define HAVE_SYS_PARAM_H 1
| #define STDC_HEADERS 1
| #define HAVE_DLFCN_H 1
| #define LT_OBJDIR ".libs/"
| /* end confdefs.h.  */
| 
| /* Override any GCC internal prototype to avoid an error.
|    Use char because int might match the return type of a GCC
|    builtin and then its argument prototype would still apply.
|    The 'extern "C"' is for builds by C++ compilers;
|    although this is not generally supported in C code supporting it here
|    has little cost and some practical benefit (sr 110532).  */
| #ifdef __cplusplus
| extern "C"
| #endif
| char yywrap (void);
| int
| main (void)
| {
| return yywrap ();
|   ;
|   return 0;
| }
configure:18936: gcc -o conftest -g -O2   conftest.c -ll   >&5
configure:18936: $? = 0
configure:18958: result: -ll
configure:18975: checking whether yytext is a pointer
configure:18991: gcc -c -g -O2  conftest.c >&5
configure:18991: $? = 0
configure:18999: result: yes
configure:19015: checking for bison
configure:19036: found /usr/bin/bison
configure:19048: result: bison -y
configure:19114: checking for gcc
configure:19147: result: gcc
configure:19506: checking for C compiler version
configure:19515: gcc --version >&5
gcc (Ubuntu 14.2.0-19ubuntu2) 14.2.0
Copyright (C) 2024 Free Software Foundation, Inc.
This is free software; see the source for copying conditions.  There is NO
warranty; not even for MERCHANTABILITY or FITNESS FOR A PARTICULAR PURPOSE.

configure:19526: $? = 0
configure:19515: gcc -v >&5
Using built-in specs.
COLLECT_GCC=gcc
COLLECT_LTO_WRAPPER=/usr/libexec/gcc/x86_64-linux-gnu/14/lto-wrapper
OFFLOAD_TARGET_NAMES=nvptx-none:amdgcn-amdhsa
OFFLOAD_TARGET_DEFAULT=1
Target: x86_64-linux-gnu
Configured with: ../src/configure -v --with-pkgversion='Ubuntu 14.2.0-19ubuntu2' --with-bugurl=file:///usr/share/doc/gcc-14/README.Bugs --enable-languages=c,ada,c++,go,d,fortran,objc,obj-c++,m2,rust --prefix=/usr --with-gcc-major-version-only --program-suffix=-14 --program-prefix=x86_64-linux-gnu- --enable-shared --enable-linker-build-id --libexecdir=/usr/libexec --without-included-gettext --enable-threads=posix --libdir=/usr/lib --enable-nls --enable-bootstrap --enable-clocale=gnu --enable-libstdcxx-debug --enable-libstdcxx-time=yes --with-default-libstdcxx-abi=new --enable-libstdcxx-backtrace --enable-gnu-unique-object --disable-vtable-verify --enable-plugin --enable-default-pie --with-system-zlib --enable-libphobos-checking=release --with-target-system-zlib=auto --enable-objc-gc=auto --enable-multiarch --disable-werror --enable-cet --with-arch-32=i686 --with-abi=m64 --with-multilib-list=m32,m64,mx32 --enable-multilib --with-tune=generic --enable-offload-targets=nvptx-none=/build/gcc-14-C86vgL/gcc-14-14.2.0/debian/tmp-nvptx/usr,amdgcn-amdhsa=/build/gcc-14-C86vgL/gcc-14-14.2.0/debian/tmp-gcn/usr --enable-offload-defaulted --without-cuda-driver --enable-checking=release --build=x86_64-linux-gnu --host=x86_64-linux-gnu --target=x86_64-linux-gnu --with-build-config=bootstrap-lto-lean --enable-link-serialization=2
Thread model: posix
Supported LTO compression algorithms: zlib zstd
gcc version 14.2.0 (Ubuntu 14.2.0-19ubuntu2) 
... rest of stderr output deleted ...
configure:19526: $? = 0
configure:19515: gcc -V >&5
gcc: error: unrecognized command-line option '-V'
gcc: fatal error: no input files
compilation terminated.
configure:19526: $? = 1
configure:19515: gcc -qversion >&5
gcc: error: unrecognized command-line option '-qversion'; did you mean '--version'?
gcc: fatal error: no input files
compilation terminated.
configure:19526: $? = 1
configure:19515: gcc -version >&5
gcc: error: unrecognized command-line option '-version'
gcc: fatal error: no input files
compilation terminated.
configure:19526: $? = 1
configure:19530: checking whether the compiler supports GNU C
configure:19562: result: yes
configure:19573: checking whether gcc accepts -g
configure:19641: result: yes
configure:19661: checking for gcc option to enable C11 features
configure:19695: result: none needed
configure:19819: checking whether gcc understands -c and -o together
configure:19858: result: yes
configure:19877: checking dependency style of gcc
configure:19990: result: gcc3
configure:20010: checking for OpenMP flag of C compiler
configure:20056: gcc -o conftest -g -O2 -fopenmp   conftest.c  >&5
configure:20056: $? = 0
configure:20067: result: -fopenmp
configure:20399: checking for vkAllocateCommandBuffers  in -lvulkan 
configure:20428: gcc -o conftest -g -O2   conftest.c -lvulkan    >&5
configure:20428: $? = 0
configure:20441: result: yes
configure:20453: checking for size_t
configure:20453: gcc -c -g -O2  conftest.c >&5
configure:20453: $? = 0
configure:20453: gcc -c -g -O2  conftest.c >&5
conftest.c: In function 'main':
conftest.c:58:21: error: expected expression before ')' token
   58 | if (sizeof ((size_t)))
      |                     ^
configure:20453: $? = 1
configure: failed program was:
| /* confdefs.h */
| #define PACKAGE_NAME "vulkan-engine"
| #define PACKAGE_TARNAME "vulkan-engine"
| #define PACKAGE_VERSION "VERSION"
| #define PACKAGE_STRING "vulkan-engine VERSION"
| #define PACKAGE_BUGREPORT "BUG-REPORT-ADDRESS"
| #define PACKAGE_URL ""
| #define PACKAGE "vulkan-engine"
| #define VERSION "VERSION"
| #define HAVE_STDIO_H 1
| #define HAVE_STDLIB_H 1
| #define HAVE_STRING_H 1
| #define HAVE_INTTYPES_H 1
| #define HAVE_STDINT_H 1
| #define HAVE_STRINGS_H 1
| #define HAVE_SYS_STAT_H 1
| #define HAVE_SYS_TYPES_H 1
| #define HAVE_UNISTD_H 1
| #define HAVE_SYS_PARAM_H 1
| #define STDC_HEADERS 1
| #define HAVE_DLFCN_H 1
| #define LT_OBJDIR ".libs/"
| #define YYTEXT_POINTER 1
| #define HAVE_OPENMP 1
| #define HAVE_LIBVULKAN_ 1
| /* end confdefs.h.  */
| #include <stddef.h>
| #ifdef HAVE_STDIO_H
| # include <stdio.h>
| #endif
| #ifdef HAVE_STDLIB_H
| # include <stdlib.h>
| #endif
| #ifdef HAVE_STRING_H
| # include <string.h>
| #endif
| #ifdef HAVE_INTTYPES_H
| # include <inttypes.h>
| #endif
| #ifdef HAVE_STDINT_H
| # include <stdint.h>
| #endif
| #ifdef HAVE_STRINGS_H
| # include <strings.h>
| #endif
| #ifdef HAVE_SYS_TYPES_H
| # include <sys/types.h>
| #endif
| #ifdef HAVE_SYS_STAT_H
| # include <sys/stat.h>
| #endif
| #ifdef HAVE_UNISTD_H
| # include <unistd.h>
| #endif
| int
| main (void)
| {
| if (sizeof ((size_t)))
| 	    return 0;
|   ;
|   return 0;
| }
configure:20453: result: yes
configure:20466: checking for working alloca.h
configure:20484: gcc -o conftest -g -O2   conftest.c -lvulkan   >&5
configure:20484: $? = 0
configure:20495: result: yes
configure:20503: checking for alloca
configure:20548: result: yes
configure:20617: checking for inttypes.h
configure:20617: result: yes
configure:20623: checking for libintl.h
configure:20623: gcc -c -g -O2  conftest.c >&5
configure:20623: $? = 0
configure:20623: result: yes
configure:20629: checking for malloc.h
configure:20629: gcc -c -g -O2  conftest.c >&5
configure:20629: $? = 0
configure:20629: result: yes
configure:20635: checking for stdint.h
configure:20635: result: yes
configure:20641: checking for unistd.h
configure:20641: result: yes
configure:20654: checking how to run the C preprocessor
configure:20680: gcc -E  conftest.c
configure:20680: $? = 0
configure:20696: gcc -E  conftest.c
conftest.c:34:10: fatal error: ac_nonexistent.h: No such file or directory
   34 | #include <ac_nonexistent.h>
      |          ^~~~~~~~~~~~~~~~~~
compilation terminated.
configure:20696: $? = 1
configure: failed program was:
| /* confdefs.h */
| #define PACKAGE_NAME "vulkan-engine"
| #define PACKAGE_TARNAME "vulkan-engine"
| #define PACKAGE_VERSION "VERSION"
| #define PACKAGE_STRING "vulkan-engine VERSION"
| #define PACKAGE_BUGREPORT "BUG-REPORT-ADDRESS"
| #define PACKAGE_URL ""
| #define PACKAGE "vulkan-engine"
| #define VERSION "VERSION"
| #define HAVE_STDIO_H 1
| #define HAVE_STDLIB_H 1
| #define HAVE_STRING_H 1
| #define HAVE_INTTYPES_H 1
| #define HAVE_STDINT_H 1
| #define HAVE_STRINGS_H 1
| #define HAVE_SYS_STAT_H 1
| #define HAVE_SYS_TYPES_H 1
| #define HAVE_UNISTD_H 1
| #define HAVE_SYS_PARAM_H 1
| #define STDC_HEADERS 1
| #define HAVE_DLFCN_H 1
| #define LT_OBJDIR ".libs/"
| #define YYTEXT_POINTER 1
| #define HAVE_OPENMP 1
| #define HAVE_LIBVULKAN_ 1
| #define HAVE_ALLOCA_H 1
| #define HAVE_ALLOCA 1
| #define HAVE_INTTYPES_H 1
| #define HAVE_LIBINTL_H 1
| #define HAVE_MALLOC_H 1
| #define HAVE_STDINT_H 1
| #define HAVE_UNISTD_H 1
| /* end confdefs.h.  */
| #include <ac_nonexistent.h>
configure:20725: result: gcc -E
configure:20739: gcc -E  conftest.c
configure:20739: $? = 0
configure:20755: gcc -E  conftest.c
conftest.c:34:10: fatal error: ac_nonexistent.h: No such file or directory
   34 | #include <ac_nonexistent.h>
      |          ^~~~~~~~~~~~~~~~~~
compilation terminated.
configure:20755: $? = 1
configure: failed program was:
| /* confdefs.h */
| #define PACKAGE_NAME "vulkan-engine"
| #define PACKAGE_TARNAME "vulkan-engine"
| #define PACKAGE_VERSION "VERSION"
| #define PACKAGE_STRING "vulkan-engine VERSION"
| #define PACKAGE_BUGREPORT "BUG-REPORT-ADDRESS"
| #define PACKAGE_URL ""
| #define PACKAGE "vulkan-engine"
| #define VERSION "VERSION"
| #define HAVE_STDIO_H 1
| #define HAVE_STDLIB_H 1
| #define HAVE_STRING_H 1
| #define HAVE_INTTYPES_H 1
| #define HAVE_STDINT_H 1
| #define HAVE_STRINGS_H 1
| #define HAVE_SYS_STAT_H 1
| #define HAVE_SYS_TYPES_H 1
| #define HAVE_UNISTD_H 1
| #define HAVE_SYS_PARAM_H 1
| #define STDC_HEADERS 1
| #define HAVE_DLFCN_H 1
| #define LT_OBJDIR ".libs/"
| #define YYTEXT_POINTER 1
| #define HAVE_OPENMP 1
| #define HAVE_LIBVULKAN_ 1
| #define HAVE_ALLOCA_H 1
| #define HAVE_ALLOCA 1
| #define HAVE_INTTYPES_H 1
| #define HAVE_LIBINTL_H 1
| #define HAVE_MALLOC_H 1
| #define HAVE_STDINT_H 1
| #define HAVE_UNISTD_H 1
| /* end confdefs.h.  */
| #include <ac_nonexistent.h>
configure:20788: checking for X
configure:20826: gcc -o conftest -g -O2   conftest.c -lX11 -lvulkan   >&5
configure:20826: $? = 0
configure:21016: result: libraries , headers 
configure:21020: checking for fcntl.h
configure:21020: gcc -c -g -O2  conftest.c >&5
configure:21020: $? = 0
configure:21020: result: yes
configure:21026: checking for inttypes.h
configure:21026: result: yes
configure:21032: checking for mach/mach.h
configure:21032: gcc -c -g -O2  conftest.c >&5
conftest.c:64:10: fatal error: mach/mach.h: No such file or directory
   64 | #include <mach/mach.h>
      |          ^~~~~~~~~~~~~
compilation terminated.
configure:21032: $? = 1
configure: failed program was:
| /* confdefs.h */
| #define PACKAGE_NAME "vulkan-engine"
| #define PACKAGE_TARNAME "vulkan-engine"
| #define PACKAGE_VERSION "VERSION"
| #define PACKAGE_STRING "vulkan-engine VERSION"
| #define PACKAGE_BUGREPORT "BUG-REPORT-ADDRESS"
| #define PACKAGE_URL ""
| #define PACKAGE "vulkan-engine"
| #define VERSION "VERSION"
| #define HAVE_STDIO_H 1
| #define HAVE_STDLIB_H 1
| #define HAVE_STRING_H 1
| #define HAVE_INTTYPES_H 1
| #define HAVE_STDINT_H 1
| #define HAVE_STRINGS_H 1
| #define HAVE_SYS_STAT_H 1
| #define HAVE_SYS_TYPES_H 1
| #define HAVE_UNISTD_H 1
| #define HAVE_SYS_PARAM_H 1
| #define STDC_HEADERS 1
| #define HAVE_DLFCN_H 1
| #define LT_OBJDIR ".libs/"
| #define YYTEXT_POINTER 1
| #define HAVE_OPENMP 1
| #define HAVE_LIBVULKAN_ 1
| #define HAVE_ALLOCA_H 1
| #define HAVE_ALLOCA 1
| #define HAVE_INTTYPES_H 1
| #define HAVE_LIBINTL_H 1
| #define HAVE_MALLOC_H 1
| #define HAVE_STDINT_H 1
| #define HAVE_UNISTD_H 1
| #define HAVE_FCNTL_H 1
| #define HAVE_INTTYPES_H 1
| /* end confdefs.h.  */
| #include <stddef.h>
| #ifdef HAVE_STDIO_H
| # include <stdio.h>
| #endif
| #ifdef HAVE_STDLIB_H
| # include <stdlib.h>
| #endif
| #ifdef HAVE_STRING_H
| # include <string.h>
| #endif
| #ifdef HAVE_INTTYPES_H
| # include <inttypes.h>
| #endif
| #ifdef HAVE_STDINT_H
| # include <stdint.h>
| #endif
| #ifdef HAVE_STRINGS_H
| # include <strings.h>
| #endif
| #ifdef HAVE_SYS_TYPES_H
| # include <sys/types.h>
| #endif
| #ifdef HAVE_SYS_STAT_H
| # include <sys/stat.h>
| #endif
| #ifdef HAVE_UNISTD_H
| # include <unistd.h>
| #endif
| #include <mach/mach.h>
configure:21032: result: no
configure:21038: checking for stdint.h
configure:21038: result: yes
configure:21044: checking for sys/ioctl.h
configure:21044: gcc -c -g -O2  conftest.c >&5
configure:21044: $? = 0
configure:21044: result: yes
configure:21050: checking for sys/param.h
configure:21050: result: yes
configure:21056: checking for sys/time.h
configure:21056: gcc -c -g -O2  conftest.c >&5
configure:21056: $? = 0
configure:21056: result: yes
configure:21062: checking for sys/timeb.h
configure:21062: gcc -c -g -O2  conftest.c >&5
configure:21062: $? = 0
configure:21062: result: yes
configure:21068: checking for unistd.h
configure:21068: result: yes
configure:21075: checking for vulkan/vulkan.h
configure:21075: gcc -c -g -O2  conftest.c >&5
configure:21075: $? = 0
configure:21075: result: yes
configure:21083: checking for _Bool
configure:21083: gcc -c -g -O2  conftest.c >&5
configure:21083: $? = 0
configure:21083: gcc -c -g -O2  conftest.c >&5
conftest.c: In function 'main':
conftest.c:74:20: error: expected expression before ')' token
   74 | if (sizeof ((_Bool)))
      |                    ^
configure:21083: $? = 1
configure: failed program was:
| /* confdefs.h */
| #define PACKAGE_NAME "vulkan-engine"
| #define PACKAGE_TARNAME "vulkan-engine"
| #define PACKAGE_VERSION "VERSION"
| #define PACKAGE_STRING "vulkan-engine VERSION"
| #define PACKAGE_BUGREPORT "BUG-REPORT-ADDRESS"
| #define PACKAGE_URL ""
| #define PACKAGE "vulkan-engine"
| #define VERSION "VERSION"
| #define HAVE_STDIO_H 1
| #define HAVE_STDLIB_H 1
| #define HAVE_STRING_H 1
| #define HAVE_INTTYPES_H 1
| #define HAVE_STDINT_H 1
| #define HAVE_STRINGS_H 1
| #define HAVE_SYS_STAT_H 1
| #define HAVE_SYS_TYPES_H 1
| #define HAVE_UNISTD_H 1
| #define HAVE_SYS_PARAM_H 1
| #define STDC_HEADERS 1
| #define HAVE_DLFCN_H 1
| #define LT_OBJDIR ".libs/"
| #define YYTEXT_POINTER 1
| #define HAVE_OPENMP 1
| #define HAVE_LIBVULKAN_ 1
| #define HAVE_ALLOCA_H 1
| #define HAVE_ALLOCA 1
| #define HAVE_INTTYPES_H 1
| #define HAVE_LIBINTL_H 1
| #define HAVE_MALLOC_H 1
| #define HAVE_STDINT_H 1
| #define HAVE_UNISTD_H 1
| #define HAVE_FCNTL_H 1
| #define HAVE_INTTYPES_H 1
| #define HAVE_STDINT_H 1
| #define HAVE_SYS_IOCTL_H 1
| #define HAVE_SYS_PARAM_H 1
| #define HAVE_SYS_TIME_H 1
| #define HAVE_SYS_TIMEB_H 1
| #define HAVE_UNISTD_H 1
| #define HAVE_VULKAN_VULKAN_H 1
| /* end confdefs.h.  */
| #include <stddef.h>
| #ifdef HAVE_STDIO_H
| # include <stdio.h>
| #endif
| #ifdef HAVE_STDLIB_H
| # include <stdlib.h>
| #endif
| #ifdef HAVE_STRING_H
| # include <string.h>
| #endif
| #ifdef HAVE_INTTYPES_H
| # include <inttypes.h>
| #endif
| #ifdef HAVE_STDINT_H
| # include <stdint.h>
| #endif
| #ifdef HAVE_STRINGS_H
| # include <strings.h>
| #endif
| #ifdef HAVE_SYS_TYPES_H
| # include <sys/types.h>
| #endif
| #ifdef HAVE_SYS_STAT_H
| # include <sys/stat.h>
| #endif
| #ifdef HAVE_UNISTD_H
| # include <unistd.h>
| #endif
| int
| main (void)
| {
| if (sizeof ((_Bool)))
| 	    return 0;
|   ;
|   return 0;
| }
configure:21083: result: yes
configure:21092: checking for stdbool.h that conforms to C99 or later
configure:21167: gcc -c -g -O2  conftest.c >&5
configure:21167: $? = 0
configure:21177: result: yes
configure:21180: checking for inline
configure:21197: gcc -c -g -O2  conftest.c >&5
configure:21197: $? = 0
configure:21207: result: inline
configure:21225: checking for int16_t
configure:21225: gcc -c -g -O2  conftest.c >&5
configure:21225: $? = 0
configure:21225: gcc -c -g -O2  conftest.c >&5
conftest.c: In function 'main':
conftest.c:76:12: error: size of array 'test_array' is negative
   76 | static int test_array [1 - 2 * !((int16_t) (((((int16_t) 1 << N) << N) - 1) * 2 + 1)
      |            ^~~~~~~~~~
configure:21225: $? = 1
configure: failed program was:
| /* confdefs.h */
| #define PACKAGE_NAME "vulkan-engine"
| #define PACKAGE_TARNAME "vulkan-engine"
| #define PACKAGE_VERSION "VERSION"
| #define PACKAGE_STRING "vulkan-engine VERSION"
| #define PACKAGE_BUGREPORT "BUG-REPORT-ADDRESS"
| #define PACKAGE_URL ""
| #define PACKAGE "vulkan-engine"
| #define VERSION "VERSION"
| #define HAVE_STDIO_H 1
| #define HAVE_STDLIB_H 1
| #define HAVE_STRING_H 1
| #define HAVE_INTTYPES_H 1
| #define HAVE_STDINT_H 1
| #define HAVE_STRINGS_H 1
| #define HAVE_SYS_STAT_H 1
| #define HAVE_SYS_TYPES_H 1
| #define HAVE_UNISTD_H 1
| #define HAVE_SYS_PARAM_H 1
| #define STDC_HEADERS 1
| #define HAVE_DLFCN_H 1
| #define LT_OBJDIR ".libs/"
| #define YYTEXT_POINTER 1
| #define HAVE_OPENMP 1
| #define HAVE_LIBVULKAN_ 1
| #define HAVE_ALLOCA_H 1
| #define HAVE_ALLOCA 1
| #define HAVE_INTTYPES_H 1
| #define HAVE_LIBINTL_H 1
| #define HAVE_MALLOC_H 1
| #define HAVE_STDINT_H 1
| #define HAVE_UNISTD_H 1
| #define HAVE_FCNTL_H 1
| #define HAVE_INTTYPES_H 1
| #define HAVE_STDINT_H 1
| #define HAVE_SYS_IOCTL_H 1
| #define HAVE_SYS_PARAM_H 1
| #define HAVE_SYS_TIME_H 1
| #define HAVE_SYS_TIMEB_H 1
| #define HAVE_UNISTD_H 1
| #define HAVE_VULKAN_VULKAN_H 1
| #define HAVE__BOOL 1
| /* end confdefs.h.  */
| #include <stddef.h>
| #ifdef HAVE_STDIO_H
| # include <stdio.h>
| #endif
| #ifdef HAVE_STDLIB_H
| # include <stdlib.h>
| #endif
| #ifdef HAVE_STRING_H
| # include <string.h>
| #endif
| #ifdef HAVE_INTTYPES_H
| # include <inttypes.h>
| #endif
| #ifdef HAVE_STDINT_H
| # include <stdint.h>
| #endif
| #ifdef HAVE_STRINGS_H
| # include <strings.h>
| #endif
| #ifdef HAVE_SYS_TYPES_H
| # include <sys/types.h>
| #endif
| #ifdef HAVE_SYS_STAT_H
| # include <sys/stat.h>
| #endif
| #ifdef HAVE_UNISTD_H
| # include <unistd.h>
| #endif
| 	        enum { N = 16 / 2 - 1 };
| int
| main (void)
| {
| static int test_array [1 - 2 * !((int16_t) (((((int16_t) 1 << N) << N) - 1) * 2 + 1)
| 		 < (int16_t) (((((int16_t) 1 << N) << N) - 1) * 2 + 2))];
| test_array [0] = 0;
| return test_array [0];
| 
|   ;
|   return 0;
| }
configure:21225: result: yes
configure:21234: checking for int32_t
configure:21234: gcc -c -g -O2  conftest.c >&5
configure:21234: $? = 0
configure:21234: gcc -c -g -O2  conftest.c >&5
conftest.c: In function 'main':
conftest.c:77:67: warning: integer overflow in expression of type 'int' results in '-2147483648' [-Woverflow]
   77 |                  < (int32_t) (((((int32_t) 1 << N) << N) - 1) * 2 + 2))];
      |                                                                   ^
conftest.c:76:12: error: storage size of 'test_array' isn't constant
   76 | static int test_array [1 - 2 * !((int32_t) (((((int32_t) 1 << N) << N) - 1) * 2 + 1)
      |            ^~~~~~~~~~
configure:21234: $? = 1
configure: failed program was:
| /* confdefs.h */
| #define PACKAGE_NAME "vulkan-engine"
| #define PACKAGE_TARNAME "vulkan-engine"
| #define PACKAGE_VERSION "VERSION"
| #define PACKAGE_STRING "vulkan-engine VERSION"
| #define PACKAGE_BUGREPORT "BUG-REPORT-ADDRESS"
| #define PACKAGE_URL ""
| #define PACKAGE "vulkan-engine"
| #define VERSION "VERSION"
| #define HAVE_STDIO_H 1
| #define HAVE_STDLIB_H 1
| #define HAVE_STRING_H 1
| #define HAVE_INTTYPES_H 1
| #define HAVE_STDINT_H 1
| #define HAVE_STRINGS_H 1
| #define HAVE_SYS_STAT_H 1
| #define HAVE_SYS_TYPES_H 1
| #define HAVE_UNISTD_H 1
| #define HAVE_SYS_PARAM_H 1
| #define STDC_HEADERS 1
| #define HAVE_DLFCN_H 1
| #define LT_OBJDIR ".libs/"
| #define YYTEXT_POINTER 1
| #define HAVE_OPENMP 1
| #define HAVE_LIBVULKAN_ 1
| #define HAVE_ALLOCA_H 1
| #define HAVE_ALLOCA 1
| #define HAVE_INTTYPES_H 1
| #define HAVE_LIBINTL_H 1
| #define HAVE_MALLOC_H 1
| #define HAVE_STDINT_H 1
| #define HAVE_UNISTD_H 1
| #define HAVE_FCNTL_H 1
| #define HAVE_INTTYPES_H 1
| #define HAVE_STDINT_H 1
| #define HAVE_SYS_IOCTL_H 1
| #define HAVE_SYS_PARAM_H 1
| #define HAVE_SYS_TIME_H 1
| #define HAVE_SYS_TIMEB_H 1
| #define HAVE_UNISTD_H 1
| #define HAVE_VULKAN_VULKAN_H 1
| #define HAVE__BOOL 1
| /* end confdefs.h.  */
| #include <stddef.h>
| #ifdef HAVE_STDIO_H
| # include <stdio.h>
| #endif
| #ifdef HAVE_STDLIB_H
| # include <stdlib.h>
| #endif
| #ifdef HAVE_STRING_H
| # include <string.h>
| #endif
| #ifdef HAVE_INTTYPES_H
| # include <inttypes.h>
| #endif
| #ifdef HAVE_STDINT_H
| # include <stdint.h>
| #endif
| #ifdef HAVE_STRINGS_H
| # include <strings.h>
| #endif
| #ifdef HAVE_SYS_TYPES_H
| # include <sys/types.h>
| #endif
| #ifdef HAVE_SYS_STAT_H
| # include <sys/stat.h>
| #endif
| #ifdef HAVE_UNISTD_H
| # include <unistd.h>
| #endif
| 	        enum { N = 32 / 2 - 1 };
| int
| main (void)
| {
| static int test_array [1 - 2 * !((int32_t) (((((int32_t) 1 << N) << N) - 1) * 2 + 1)
| 		 < (int32_t) (((((int32_t) 1 << N) << N) - 1) * 2 + 2))];
| test_array [0] = 0;
| return test_array [0];
| 
|   ;
|   return 0;
| }
configure:21234: result: yes
configure:21243: checking for int64_t
configure:21243: gcc -c -g -O2  conftest.c >&5
configure:21243: $? = 0
configure:21243: gcc -c -g -O2  conftest.c >&5
conftest.c: In function 'main':
conftest.c:77:67: warning: integer overflow in expression of type 'long int' results in '-9223372036854775808' [-Woverflow]
   77 |                  < (int64_t) (((((int64_t) 1 << N) << N) - 1) * 2 + 2))];
      |                                                                   ^
conftest.c:76:12: error: storage size of 'test_array' isn't constant
   76 | static int test_array [1 - 2 * !((int64_t) (((((int64_t) 1 << N) << N) - 1) * 2 + 1)
      |            ^~~~~~~~~~
configure:21243: $? = 1
configure: failed program was:
| /* confdefs.h */
| #define PACKAGE_NAME "vulkan-engine"
| #define PACKAGE_TARNAME "vulkan-engine"
| #define PACKAGE_VERSION "VERSION"
| #define PACKAGE_STRING "vulkan-engine VERSION"
| #define PACKAGE_BUGREPORT "BUG-REPORT-ADDRESS"
| #define PACKAGE_URL ""
| #define PACKAGE "vulkan-engine"
| #define VERSION "VERSION"
| #define HAVE_STDIO_H 1
| #define HAVE_STDLIB_H 1
| #define HAVE_STRING_H 1
| #define HAVE_INTTYPES_H 1
| #define HAVE_STDINT_H 1
| #define HAVE_STRINGS_H 1
| #define HAVE_SYS_STAT_H 1
| #define HAVE_SYS_TYPES_H 1
| #define HAVE_UNISTD_H 1
| #define HAVE_SYS_PARAM_H 1
| #define STDC_HEADERS 1
| #define HAVE_DLFCN_H 1
| #define LT_OBJDIR ".libs/"
| #define YYTEXT_POINTER 1
| #define HAVE_OPENMP 1
| #define HAVE_LIBVULKAN_ 1
| #define HAVE_ALLOCA_H 1
| #define HAVE_ALLOCA 1
| #define HAVE_INTTYPES_H 1
| #define HAVE_LIBINTL_H 1
| #define HAVE_MALLOC_H 1
| #define HAVE_STDINT_H 1
| #define HAVE_UNISTD_H 1
| #define HAVE_FCNTL_H 1
| #define HAVE_INTTYPES_H 1
| #define HAVE_STDINT_H 1
| #define HAVE_SYS_IOCTL_H 1
| #define HAVE_SYS_PARAM_H 1
| #define HAVE_SYS_TIME_H 1
| #define HAVE_SYS_TIMEB_H 1
| #define HAVE_UNISTD_H 1
| #define HAVE_VULKAN_VULKAN_H 1
| #define HAVE__BOOL 1
| /* end confdefs.h.  */
| #include <stddef.h>
| #ifdef HAVE_STDIO_H
| # include <stdio.h>
| #endif
| #ifdef HAVE_STDLIB_H
| # include <stdlib.h>
| #endif
| #ifdef HAVE_STRING_H
| # include <string.h>
| #endif
| #ifdef HAVE_INTTYPES_H
| # include <inttypes.h>
| #endif
| #ifdef HAVE_STDINT_H
| # include <stdint.h>
| #endif
| #ifdef HAVE_STRINGS_H
| # include <strings.h>
| #endif
| #ifdef HAVE_SYS_TYPES_H
| # include <sys/types.h>
| #endif
| #ifdef HAVE_SYS_STAT_H
| # include <sys/stat.h>
| #endif
| #ifdef HAVE_UNISTD_H
| # include <unistd.h>
| #endif
| 	        enum { N = 64 / 2 - 1 };
| int
| main (void)
| {
| static int test_array [1 - 2 * !((int64_t) (((((int64_t) 1 << N) << N) - 1) * 2 + 1)
| 		 < (int64_t) (((((int64_t) 1 << N) << N) - 1) * 2 + 2))];
| test_array [0] = 0;
| return test_array [0];
| 
|   ;
|   return 0;
| }
configure:21243: result: yes
configure:21252: checking for int8_t
configure:21252: gcc -c -g -O2  conftest.c >&5
configure:21252: $? = 0
configure:21252: gcc -c -g -O2  conftest.c >&5
conftest.c: In function 'main':
conftest.c:76:12: error: size of array 'test_array' is negative
   76 | static int test_array [1 - 2 * !((int8_t) (((((int8_t) 1 << N) << N) - 1) * 2 + 1)
      |            ^~~~~~~~~~
configure:21252: $? = 1
configure: failed program was:
| /* confdefs.h */
| #define PACKAGE_NAME "vulkan-engine"
| #define PACKAGE_TARNAME "vulkan-engine"
| #define PACKAGE_VERSION "VERSION"
| #define PACKAGE_STRING "vulkan-engine VERSION"
| #define PACKAGE_BUGREPORT "BUG-REPORT-ADDRESS"
| #define PACKAGE_URL ""
| #define PACKAGE "vulkan-engine"
| #define VERSION "VERSION"
| #define HAVE_STDIO_H 1
| #define HAVE_STDLIB_H 1
| #define HAVE_STRING_H 1
| #define HAVE_INTTYPES_H 1
| #define HAVE_STDINT_H 1
| #define HAVE_STRINGS_H 1
| #define HAVE_SYS_STAT_H 1
| #define HAVE_SYS_TYPES_H 1
| #define HAVE_UNISTD_H 1
| #define HAVE_SYS_PARAM_H 1
| #define STDC_HEADERS 1
| #define HAVE_DLFCN_H 1
| #define LT_OBJDIR ".libs/"
| #define YYTEXT_POINTER 1
| #define HAVE_OPENMP 1
| #define HAVE_LIBVULKAN_ 1
| #define HAVE_ALLOCA_H 1
| #define HAVE_ALLOCA 1
| #define HAVE_INTTYPES_H 1
| #define HAVE_LIBINTL_H 1
| #define HAVE_MALLOC_H 1
| #define HAVE_STDINT_H 1
| #define HAVE_UNISTD_H 1
| #define HAVE_FCNTL_H 1
| #define HAVE_INTTYPES_H 1
| #define HAVE_STDINT_H 1
| #define HAVE_SYS_IOCTL_H 1
| #define HAVE_SYS_PARAM_H 1
| #define HAVE_SYS_TIME_H 1
| #define HAVE_SYS_TIMEB_H 1
| #define HAVE_UNISTD_H 1
| #define HAVE_VULKAN_VULKAN_H 1
| #define HAVE__BOOL 1
| /* end confdefs.h.  */
| #include <stddef.h>
| #ifdef HAVE_STDIO_H
| # include <stdio.h>
| #endif
| #ifdef HAVE_STDLIB_H
| # include <stdlib.h>
| #endif
| #ifdef HAVE_STRING_H
| # include <string.h>
| #endif
| #ifdef HAVE_INTTYPES_H
| # include <inttypes.h>
| #endif
| #ifdef HAVE_STDINT_H
| # include <stdint.h>
| #endif
| #ifdef HAVE_STRINGS_H
| # include <strings.h>
| #endif
| #ifdef HAVE_SYS_TYPES_H
| # include <sys/types.h>
| #endif
| #ifdef HAVE_SYS_STAT_H
| # include <sys/stat.h>
| #endif
| #ifdef HAVE_UNISTD_H
| # include <unistd.h>
| #endif
| 	        enum { N = 8 / 2 - 1 };
| int
| main (void)
| {
| static int test_array [1 - 2 * !((int8_t) (((((int8_t) 1 << N) << N) - 1) * 2 + 1)
| 		 < (int8_t) (((((int8_t) 1 << N) << N) - 1) * 2 + 2))];
| test_array [0] = 0;
| return test_array [0];
| 
|   ;
|   return 0;
| }
configure:21252: result: yes
configure:21261: checking for off_t
configure:21261: gcc -c -g -O2  conftest.c >&5
configure:21261: $? = 0
configure:21261: gcc -c -g -O2  conftest.c >&5
conftest.c: In function 'main':
conftest.c:75:20: error: expected expression before ')' token
   75 | if (sizeof ((off_t)))
      |                    ^
configure:21261: $? = 1
configure: failed program was:
| /* confdefs.h */
| #define PACKAGE_NAME "vulkan-engine"
| #define PACKAGE_TARNAME "vulkan-engine"
| #define PACKAGE_VERSION "VERSION"
| #define PACKAGE_STRING "vulkan-engine VERSION"
| #define PACKAGE_BUGREPORT "BUG-REPORT-ADDRESS"
| #define PACKAGE_URL ""
| #define PACKAGE "vulkan-engine"
| #define VERSION "VERSION"
| #define HAVE_STDIO_H 1
| #define HAVE_STDLIB_H 1
| #define HAVE_STRING_H 1
| #define HAVE_INTTYPES_H 1
| #define HAVE_STDINT_H 1
| #define HAVE_STRINGS_H 1
| #define HAVE_SYS_STAT_H 1
| #define HAVE_SYS_TYPES_H 1
| #define HAVE_UNISTD_H 1
| #define HAVE_SYS_PARAM_H 1
| #define STDC_HEADERS 1
| #define HAVE_DLFCN_H 1
| #define LT_OBJDIR ".libs/"
| #define YYTEXT_POINTER 1
| #define HAVE_OPENMP 1
| #define HAVE_LIBVULKAN_ 1
| #define HAVE_ALLOCA_H 1
| #define HAVE_ALLOCA 1
| #define HAVE_INTTYPES_H 1
| #define HAVE_LIBINTL_H 1
| #define HAVE_MALLOC_H 1
| #define HAVE_STDINT_H 1
| #define HAVE_UNISTD_H 1
| #define HAVE_FCNTL_H 1
| #define HAVE_INTTYPES_H 1
| #define HAVE_STDINT_H 1
| #define HAVE_SYS_IOCTL_H 1
| #define HAVE_SYS_PARAM_H 1
| #define HAVE_SYS_TIME_H 1
| #define HAVE_SYS_TIMEB_H 1
| #define HAVE_UNISTD_H 1
| #define HAVE_VULKAN_VULKAN_H 1
| #define HAVE__BOOL 1
| /* end confdefs.h.  */
| #include <stddef.h>
| #ifdef HAVE_STDIO_H
| # include <stdio.h>
| #endif
| #ifdef HAVE_STDLIB_H
| # include <stdlib.h>
| #endif
| #ifdef HAVE_STRING_H
| # include <string.h>
| #endif
| #ifdef HAVE_INTTYPES_H
| # include <inttypes.h>
| #endif
| #ifdef HAVE_STDINT_H
| # include <stdint.h>
| #endif
| #ifdef HAVE_STRINGS_H
| # include <strings.h>
| #endif
| #ifdef HAVE_SYS_TYPES_H
| # include <sys/types.h>
| #endif
| #ifdef HAVE_SYS_STAT_H
| # include <sys/stat.h>
| #endif
| #ifdef HAVE_UNISTD_H
| # include <unistd.h>
| #endif
| int
| main (void)
| {
| if (sizeof ((off_t)))
| 	    return 0;
|   ;
|   return 0;
| }
configure:21261: result: yes
configure:21272: checking for C/C++ restrict keyword
configure:21302: gcc -c -g -O2  conftest.c >&5
configure:21302: $? = 0
configure:21312: result: __restrict__
configure:21323: checking for size_t
configure:21323: result: yes
configure:21334: checking for ssize_t
configure:21334: gcc -c -g -O2  conftest.c >&5
configure:21334: $? = 0
configure:21334: gcc -c -g -O2  conftest.c >&5
conftest.c: In function 'main':
conftest.c:76:22: error: expected expression before ')' token
   76 | if (sizeof ((ssize_t)))
      |                      ^
configure:21334: $? = 1
configure: failed program was:
| /* confdefs.h */
| #define PACKAGE_NAME "vulkan-engine"
| #define PACKAGE_TARNAME "vulkan-engine"
| #define PACKAGE_VERSION "VERSION"
| #define PACKAGE_STRING "vulkan-engine VERSION"
| #define PACKAGE_BUGREPORT "BUG-REPORT-ADDRESS"
| #define PACKAGE_URL ""
| #define PACKAGE "vulkan-engine"
| #define VERSION "VERSION"
| #define HAVE_STDIO_H 1
| #define HAVE_STDLIB_H 1
| #define HAVE_STRING_H 1
| #define HAVE_INTTYPES_H 1
| #define HAVE_STDINT_H 1
| #define HAVE_STRINGS_H 1
| #define HAVE_SYS_STAT_H 1
| #define HAVE_SYS_TYPES_H 1
| #define HAVE_UNISTD_H 1
| #define HAVE_SYS_PARAM_H 1
| #define STDC_HEADERS 1
| #define HAVE_DLFCN_H 1
| #define LT_OBJDIR ".libs/"
| #define YYTEXT_POINTER 1
| #define HAVE_OPENMP 1
| #define HAVE_LIBVULKAN_ 1
| #define HAVE_ALLOCA_H 1
| #define HAVE_ALLOCA 1
| #define HAVE_INTTYPES_H 1
| #define HAVE_LIBINTL_H 1
| #define HAVE_MALLOC_H 1
| #define HAVE_STDINT_H 1
| #define HAVE_UNISTD_H 1
| #define HAVE_FCNTL_H 1
| #define HAVE_INTTYPES_H 1
| #define HAVE_STDINT_H 1
| #define HAVE_SYS_IOCTL_H 1
| #define HAVE_SYS_PARAM_H 1
| #define HAVE_SYS_TIME_H 1
| #define HAVE_SYS_TIMEB_H 1
| #define HAVE_UNISTD_H 1
| #define HAVE_VULKAN_VULKAN_H 1
| #define HAVE__BOOL 1
| #define restrict __restrict__
| /* end confdefs.h.  */
| #include <stddef.h>
| #ifdef HAVE_STDIO_H
| # include <stdio.h>
| #endif
| #ifdef HAVE_STDLIB_H
| # include <stdlib.h>
| #endif
| #ifdef HAVE_STRING_H
| # include <string.h>
| #endif
| #ifdef HAVE_INTTYPES_H
| # include <inttypes.h>
| #endif
| #ifdef HAVE_STDINT_H
| # include <stdint.h>
| #endif
| #ifdef HAVE_STRINGS_H
| # include <strings.h>
| #endif
| #ifdef HAVE_SYS_TYPES_H
| # include <sys/types.h>
| #endif
| #ifdef HAVE_SYS_STAT_H
| # include <sys/stat.h>
| #endif
| #ifdef HAVE_UNISTD_H
| # include <unistd.h>
| #endif
| int
| main (void)
| {
| if (sizeof ((ssize_t)))
| 	    return 0;
|   ;
|   return 0;
| }
configure:21334: result: yes
configure:21345: checking for uint16_t
configure:21345: gcc -c -g -O2  conftest.c >&5
configure:21345: $? = 0
configure:21345: result: yes
configure:21355: checking for uint32_t
configure:21355: gcc -c -g -O2  conftest.c >&5
configure:21355: $? = 0
configure:21355: result: yes
configure:21367: checking for uint64_t
configure:21367: gcc -c -g -O2  conftest.c >&5
configure:21367: $? = 0
configure:21367: result: yes
configure:21379: checking for uint8_t
configure:21379: gcc -c -g -O2  conftest.c >&5
configure:21379: $? = 0
configure:21379: result: yes
configure:21391: checking for ptrdiff_t
configure:21391: gcc -c -g -O2  conftest.c >&5
configure:21391: $? = 0
configure:21391: gcc -c -g -O2  conftest.c >&5
conftest.c: In function 'main':
conftest.c:76:24: error: expected expression before ')' token
   76 | if (sizeof ((ptrdiff_t)))
      |                        ^
configure:21391: $? = 1
configure: failed program was:
| /* confdefs.h */
| #define PACKAGE_NAME "vulkan-engine"
| #define PACKAGE_TARNAME "vulkan-engine"
| #define PACKAGE_VERSION "VERSION"
| #define PACKAGE_STRING "vulkan-engine VERSION"
| #define PACKAGE_BUGREPORT "BUG-REPORT-ADDRESS"
| #define PACKAGE_URL ""
| #define PACKAGE "vulkan-engine"
| #define VERSION "VERSION"
| #define HAVE_STDIO_H 1
| #define HAVE_STDLIB_H 1
| #define HAVE_STRING_H 1
| #define HAVE_INTTYPES_H 1
| #define HAVE_STDINT_H 1
| #define HAVE_STRINGS_H 1
| #define HAVE_SYS_STAT_H 1
| #define HAVE_SYS_TYPES_H 1
| #define HAVE_UNISTD_H 1
| #define HAVE_SYS_PARAM_H 1
| #define STDC_HEADERS 1
| #define HAVE_DLFCN_H 1
| #define LT_OBJDIR ".libs/"
| #define YYTEXT_POINTER 1
| #define HAVE_OPENMP 1
| #define HAVE_LIBVULKAN_ 1
| #define HAVE_ALLOCA_H 1
| #define HAVE_ALLOCA 1
| #define HAVE_INTTYPES_H 1
| #define HAVE_LIBINTL_H 1
| #define HAVE_MALLOC_H 1
| #define HAVE_STDINT_H 1
| #define HAVE_UNISTD_H 1
| #define HAVE_FCNTL_H 1
| #define HAVE_INTTYPES_H 1
| #define HAVE_STDINT_H 1
| #define HAVE_SYS_IOCTL_H 1
| #define HAVE_SYS_PARAM_H 1
| #define HAVE_SYS_TIME_H 1
| #define HAVE_SYS_TIMEB_H 1
| #define HAVE_UNISTD_H 1
| #define HAVE_VULKAN_VULKAN_H 1
| #define HAVE__BOOL 1
| #define restrict __restrict__
| /* end confdefs.h.  */
| #include <stddef.h>
| #ifdef HAVE_STDIO_H
| # include <stdio.h>
| #endif
| #ifdef HAVE_STDLIB_H
| # include <stdlib.h>
| #endif
| #ifdef HAVE_STRING_H
| # include <string.h>
| #endif
| #ifdef HAVE_INTTYPES_H
| # include <inttypes.h>
| #endif
| #ifdef HAVE_STDINT_H
| # include <stdint.h>
| #endif
| #ifdef HAVE_STRINGS_H
| # include <strings.h>
| #endif
| #ifdef HAVE_SYS_TYPES_H
| # include <sys/types.h>
| #endif
| #ifdef HAVE_SYS_STAT_H
| # include <sys/stat.h>
| #endif
| #ifdef HAVE_UNISTD_H
| # include <unistd.h>
| #endif
| int
| main (void)
| {
| if (sizeof ((ptrdiff_t)))
| 	    return 0;
|   ;
|   return 0;
| }
configure:21391: result: yes
configure:21401: checking for int16_t
configure:21401: result: yes
configure:21410: checking for int32_t
configure:21410: result: yes
configure:21419: checking for int8_t
configure:21419: result: yes
configure:21428: checking for size_t
configure:21428: result: yes
configure:21439: checking for uint16_t
configure:21439: result: yes
configure:21449: checking for uint32_t
configure:21449: result: yes
configure:21461: checking for uint8_t
configure:21461: result: yes
configure:21473: checking for ptrdiff_t
configure:21473: result: yes
configure:21485: checking for GNU libc compatible malloc
configure:21517: gcc -o conftest -g -O2   conftest.c -lvulkan   >&5
configure:21517: $? = 0
configure:21517: ./conftest
configure:21517: $? = 0
configure:21531: result: yes
configure:21559: checking for getpagesize
configure:21559: gcc -o conftest -g -O2   conftest.c -lvulkan   >&5
configure:21559: $? = 0
configure:21559: result: yes
configure:21570: checking for working mmap
configure:21720: gcc -o conftest -g -O2   conftest.c -lvulkan   >&5
configure:21720: $? = 0
configure:21720: ./conftest
configure:21720: $? = 0
configure:21734: result: yes
configure:21743: checking for GNU libc compatible realloc
configure:21775: gcc -o conftest -g -O2   conftest.c -lvulkan   >&5
configure:21775: $? = 0
configure:21775: ./conftest
configure:21775: $? = 0
configure:21789: result: yes
configure:21812: checking for clock_gettime
configure:21812: gcc -o conftest -g -O2   conftest.c -lvulkan   >&5
configure:21812: $? = 0
configure:21812: result: yes
configure:21818: checking for floor
configure:21818: gcc -o conftest -g -O2   conftest.c -lvulkan   >&5
conftest.c:68:6: warning: conflicting types for built-in function 'floor'; expected 'double(double)' [-Wbuiltin-declaration-mismatch]
   68 | char floor (void);
      |      ^~~~~
conftest.c:60:1: note: 'floor' is declared in header '<math.h>'
   59 | #include <limits.h>
   60 | #undef floor
/usr/bin/ld: /tmp/ccnHL0DY.o: in function `main':
/media/dave/66500f06-a3cf-47f0-84ba-8a504c126c1b/vulkan-engine/conftest.c:79:(.text.startup+0x9): undefined reference to `floor'
collect2: error: ld returned 1 exit status
configure:21818: $? = 1
configure: failed program was:
| /* confdefs.h */
| #define PACKAGE_NAME "vulkan-engine"
| #define PACKAGE_TARNAME "vulkan-engine"
| #define PACKAGE_VERSION "VERSION"
| #define PACKAGE_STRING "vulkan-engine VERSION"
| #define PACKAGE_BUGREPORT "BUG-REPORT-ADDRESS"
| #define PACKAGE_URL ""
| #define PACKAGE "vulkan-engine"
| #define VERSION "VERSION"
| #define HAVE_STDIO_H 1
| #define HAVE_STDLIB_H 1
| #define HAVE_STRING_H 1
| #define HAVE_INTTYPES_H 1
| #define HAVE_STDINT_H 1
| #define HAVE_STRINGS_H 1
| #define HAVE_SYS_STAT_H 1
| #define HAVE_SYS_TYPES_H 1
| #define HAVE_UNISTD_H 1
| #define HAVE_SYS_PARAM_H 1
| #define STDC_HEADERS 1
| #define HAVE_DLFCN_H 1
| #define LT_OBJDIR ".libs/"
| #define YYTEXT_POINTER 1
| #define HAVE_OPENMP 1
| #define HAVE_LIBVULKAN_ 1
| #define HAVE_ALLOCA_H 1
| #define HAVE_ALLOCA 1
| #define HAVE_INTTYPES_H 1
| #define HAVE_LIBINTL_H 1
| #define HAVE_MALLOC_H 1
| #define HAVE_STDINT_H 1
| #define HAVE_UNISTD_H 1
| #define HAVE_FCNTL_H 1
| #define HAVE_INTTYPES_H 1
| #define HAVE_STDINT_H 1
| #define HAVE_SYS_IOCTL_H 1
| #define HAVE_SYS_PARAM_H 1
| #define HAVE_SYS_TIME_H 1
| #define HAVE_SYS_TIMEB_H 1
| #define HAVE_UNISTD_H 1
| #define HAVE_VULKAN_VULKAN_H 1
| #define HAVE__BOOL 1
| #define restrict __restrict__
| #define HAVE_PTRDIFF_T 1
| #define HAVE_PTRDIFF_T 1
| #define HAVE_MALLOC 1
| #define HAVE_GETPAGESIZE 1
| #define HAVE_MMAP 1
| #define HAVE_REALLOC 1
| #define HAVE_CLOCK_GETTIME 1
| /* end confdefs.h.  */
| /* Define floor to an innocuous variant, in case <limits.h> declares floor.
|    For example, HP-UX 11i <limits.h> declares gettimeofday.  */
| #define floor innocuous_floor
| 
| /* System header to define __stub macros and hopefully few prototypes,
|    which can conflict with char floor (void); below.  */
| 
| #include <limits.h>
| #undef floor
| 
| /* Override any GCC internal prototype to avoid an error.
|    Use char because int might match the return type of a GCC
|    builtin and then its argument prototype would still apply.  */
| #ifdef __cplusplus
| extern "C"
| #endif
| char floor (void);
| /* The GNU C library defines this for functions which it implements
|     to always fail with ENOSYS.  Some functions are actually named
|     something starting with __ and the normal name is an alias.  */
| #if defined __stub_floor || defined __stub___floor
| choke me
| #endif
| 
| int
| main (void)
| {
| return floor ();
|   ;
|   return 0;
| }
configure:21818: result: no
configure:21824: checking for ftruncate
configure:21824: gcc -o conftest -g -O2   conftest.c -lvulkan   >&5
configure:21824: $? = 0
configure:21824: result: yes
configure:21830: checking for gettimeofday
configure:21830: gcc -o conftest -g -O2   conftest.c -lvulkan   >&5
configure:21830: $? = 0
configure:21830: result: yes
configure:21836: checking for memmove
configure:21836: gcc -o conftest -g -O2   conftest.c -lvulkan   >&5
conftest.c:70:6: warning: conflicting types for built-in function 'memmove'; expected 'void *(void *, const void *, long unsigned int)' [-Wbuiltin-declaration-mismatch]
   70 | char memmove (void);
      |      ^~~~~~~
conftest.c:62:1: note: 'memmove' is declared in header '<string.h>'
   61 | #include <limits.h>
   62 | #undef memmove
configure:21836: $? = 0
configure:21836: result: yes
configure:21842: checking for memset
configure:21842: gcc -o conftest -g -O2   conftest.c -lvulkan   >&5
conftest.c:71:6: warning: conflicting types for built-in function 'memset'; expected 'void *(void *, int,  long unsigned int)' [-Wbuiltin-declaration-mismatch]
   71 | char memset (void);
      |      ^~~~~~
conftest.c:63:1: note: 'memset' is declared in header '<string.h>'
   62 | #include <limits.h>
   63 | #undef memset
configure:21842: $? = 0
configure:21842: result: yes
configure:21848: checking for munmap
configure:21848: gcc -o conftest -g -O2   conftest.c -lvulkan   >&5
configure:21848: $? = 0
configure:21848: result: yes
configure:21854: checking for pow
configure:21854: gcc -o conftest -g -O2   conftest.c -lvulkan   >&5
conftest.c:73:6: warning: conflicting types for built-in function 'pow'; expected 'double(double,  double)' [-Wbuiltin-declaration-mismatch]
   73 | char pow (void);
      |      ^~~
conftest.c:65:1: note: 'pow' is declared in header '<math.h>'
   64 | #include <limits.h>
   65 | #undef pow
/usr/bin/ld: /tmp/ccsCwglD.o: in function `main':
/media/dave/66500f06-a3cf-47f0-84ba-8a504c126c1b/vulkan-engine/conftest.c:84:(.text.startup+0x9): undefined reference to `pow'
collect2: error: ld returned 1 exit status
configure:21854: $? = 1
configure: failed program was:
| /* confdefs.h */
| #define PACKAGE_NAME "vulkan-engine"
| #define PACKAGE_TARNAME "vulkan-engine"
| #define PACKAGE_VERSION "VERSION"
| #define PACKAGE_STRING "vulkan-engine VERSION"
| #define PACKAGE_BUGREPORT "BUG-REPORT-ADDRESS"
| #define PACKAGE_URL ""
| #define PACKAGE "vulkan-engine"
| #define VERSION "VERSION"
| #define HAVE_STDIO_H 1
| #define HAVE_STDLIB_H 1
| #define HAVE_STRING_H 1
| #define HAVE_INTTYPES_H 1
| #define HAVE_STDINT_H 1
| #define HAVE_STRINGS_H 1
| #define HAVE_SYS_STAT_H 1
| #define HAVE_SYS_TYPES_H 1
| #define HAVE_UNISTD_H 1
| #define HAVE_SYS_PARAM_H 1
| #define STDC_HEADERS 1
| #define HAVE_DLFCN_H 1
| #define LT_OBJDIR ".libs/"
| #define YYTEXT_POINTER 1
| #define HAVE_OPENMP 1
| #define HAVE_LIBVULKAN_ 1
| #define HAVE_ALLOCA_H 1
| #define HAVE_ALLOCA 1
| #define HAVE_INTTYPES_H 1
| #define HAVE_LIBINTL_H 1
| #define HAVE_MALLOC_H 1
| #define HAVE_STDINT_H 1
| #define HAVE_UNISTD_H 1
| #define HAVE_FCNTL_H 1
| #define HAVE_INTTYPES_H 1
| #define HAVE_STDINT_H 1
| #define HAVE_SYS_IOCTL_H 1
| #define HAVE_SYS_PARAM_H 1
| #define HAVE_SYS_TIME_H 1
| #define HAVE_SYS_TIMEB_H 1
| #define HAVE_UNISTD_H 1
| #define HAVE_VULKAN_VULKAN_H 1
| #define HAVE__BOOL 1
| #define restrict __restrict__
| #define HAVE_PTRDIFF_T 1
| #define HAVE_PTRDIFF_T 1
| #define HAVE_MALLOC 1
| #define HAVE_GETPAGESIZE 1
| #define HAVE_MMAP 1
| #define HAVE_REALLOC 1
| #define HAVE_CLOCK_GETTIME 1
| #define HAVE_FTRUNCATE 1
| #define HAVE_GETTIMEOFDAY 1
| #define HAVE_MEMMOVE 1
| #define HAVE_MEMSET 1
| #define HAVE_MUNMAP 1
| /* end confdefs.h.  */
| /* Define pow to an innocuous variant, in case <limits.h> declares pow.
|    For example, HP-UX 11i <limits.h> declares gettimeofday.  */
| #define pow innocuous_pow
| 
| /* System header to define __stub macros and hopefully few prototypes,
|    which can conflict with char pow (void); below.  */
| 
| #include <limits.h>
| #undef pow
| 
| /* Override any GCC internal prototype to avoid an error.
|    Use char because int might match the return type of a GCC
|    builtin and then its argument prototype would still apply.  */
| #ifdef __cplusplus
| extern "C"
| #endif
| char pow (void);
| /* The GNU C library defines this for functions which it implements
|     to always fail with ENOSYS.  Some functions are actually named
|     something starting with __ and the normal name is an alias.  */
| #if defined __stub_pow || defined __stub___pow
| choke me
| #endif
| 
| int
| main (void)
| {
| return pow ();
|   ;
|   return 0;
| }
configure:21854: result: no
configure:21860: checking for regcomp
configure:21860: gcc -o conftest -g -O2   conftest.c -lvulkan   >&5
configure:21860: $? = 0
configure:21860: result: yes
configure:21866: checking for setlocale
configure:21866: gcc -o conftest -g -O2   conftest.c -lvulkan   >&5
configure:21866: $? = 0
configure:21866: result: yes
configure:21872: checking for sqrt
configure:21872: gcc -o conftest -g -O2   conftest.c -lvulkan   >&5
conftest.c:75:6: warning: conflicting types for built-in function 'sqrt'; expected 'double(double)' [-Wbuiltin-declaration-mismatch]
   75 | char sqrt (void);
      |      ^~~~
conftest.c:67:1: note: 'sqrt' is declared in header '<math.h>'
   66 | #include <limits.h>
   67 | #undef sqrt
/usr/bin/ld: /tmp/ccSlVKkV.o: in function `main':
/media/dave/66500f06-a3cf-47f0-84ba-8a504c126c1b/vulkan-engine/conftest.c:86:(.text.startup+0x9): undefined reference to `sqrt'
collect2: error: ld returned 1 exit status
configure:21872: $? = 1
configure: failed program was:
| /* confdefs.h */
| #define PACKAGE_NAME "vulkan-engine"
| #define PACKAGE_TARNAME "vulkan-engine"
| #define PACKAGE_VERSION "VERSION"
| #define PACKAGE_STRING "vulkan-engine VERSION"
| #define PACKAGE_BUGREPORT "BUG-REPORT-ADDRESS"
| #define PACKAGE_URL ""
| #define PACKAGE "vulkan-engine"
| #define VERSION "VERSION"
| #define HAVE_STDIO_H 1
| #define HAVE_STDLIB_H 1
| #define HAVE_STRING_H 1
| #define HAVE_INTTYPES_H 1
| #define HAVE_STDINT_H 1
| #define HAVE_STRINGS_H 1
| #define HAVE_SYS_STAT_H 1
| #define HAVE_SYS_TYPES_H 1
| #define HAVE_UNISTD_H 1
| #define HAVE_SYS_PARAM_H 1
| #define STDC_HEADERS 1
| #define HAVE_DLFCN_H 1
| #define LT_OBJDIR ".libs/"
| #define YYTEXT_POINTER 1
| #define HAVE_OPENMP 1
| #define HAVE_LIBVULKAN_ 1
| #define HAVE_ALLOCA_H 1
| #define HAVE_ALLOCA 1
| #define HAVE_INTTYPES_H 1
| #define HAVE_LIBINTL_H 1
| #define HAVE_MALLOC_H 1
| #define HAVE_STDINT_H 1
| #define HAVE_UNISTD_H 1
| #define HAVE_FCNTL_H 1
| #define HAVE_INTTYPES_H 1
| #define HAVE_STDINT_H 1
| #define HAVE_SYS_IOCTL_H 1
| #define HAVE_SYS_PARAM_H 1
| #define HAVE_SYS_TIME_H 1
| #define HAVE_SYS_TIMEB_H 1
| #define HAVE_UNISTD_H 1
| #define HAVE_VULKAN_VULKAN_H 1
| #define HAVE__BOOL 1
| #define restrict __restrict__
| #define HAVE_PTRDIFF_T 1
| #define HAVE_PTRDIFF_T 1
| #define HAVE_MALLOC 1
| #define HAVE_GETPAGESIZE 1
| #define HAVE_MMAP 1
| #define HAVE_REALLOC 1
| #define HAVE_CLOCK_GETTIME 1
| #define HAVE_FTRUNCATE 1
| #define HAVE_GETTIMEOFDAY 1
| #define HAVE_MEMMOVE 1
| #define HAVE_MEMSET 1
| #define HAVE_MUNMAP 1
| #define HAVE_REGCOMP 1
| #define HAVE_SETLOCALE 1
| /* end confdefs.h.  */
| /* Define sqrt to an innocuous variant, in case <limits.h> declares sqrt.
|    For example, HP-UX 11i <limits.h> declares gettimeofday.  */
| #define sqrt innocuous_sqrt
| 
| /* System header to define __stub macros and hopefully few prototypes,
|    which can conflict with char sqrt (void); below.  */
| 
| #include <limits.h>
| #undef sqrt
| 
| /* Override any GCC internal prototype to avoid an error.
|    Use char because int might match the return type of a GCC
|    builtin and then its argument prototype would still apply.  */
| #ifdef __cplusplus
| extern "C"
| #endif
| char sqrt (void);
| /* The GNU C library defines this for functions which it implements
|     to always fail with ENOSYS.  Some functions are actually named
|     something starting with __ and the normal name is an alias.  */
| #if defined __stub_sqrt || defined __stub___sqrt
| choke me
| #endif
| 
| int
| main (void)
| {
| return sqrt ();
|   ;
|   return 0;
| }
configure:21872: result: no
configure:21878: checking for strcasecmp
configure:21878: gcc -o conftest -g -O2   conftest.c -lvulkan   >&5
conftest.c:75:6: warning: conflicting types for built-in function 'strcasecmp'; expected 'int(const char *, const char *)' [-Wbuiltin-declaration-mismatch]
   75 | char strcasecmp (void);
      |      ^~~~~~~~~~
configure:21878: $? = 0
configure:21878: result: yes
configure:21884: checking for strchr
configure:21884: gcc -o conftest -g -O2   conftest.c -lvulkan   >&5
conftest.c:76:6: warning: conflicting types for built-in function 'strchr'; expected 'char *(const char *, int)' [-Wbuiltin-declaration-mismatch]
   76 | char strchr (void);
      |      ^~~~~~
conftest.c:68:1: note: 'strchr' is declared in header '<string.h>'
   67 | #include <limits.h>
   68 | #undef strchr
configure:21884: $? = 0
configure:21884: result: yes
configure:21890: checking for strcspn
configure:21890: gcc -o conftest -g -O2   conftest.c -lvulkan   >&5
conftest.c:77:6: warning: conflicting types for built-in function 'strcspn'; expected 'long unsigned int(const char *, const char *)' [-Wbuiltin-declaration-mismatch]
   77 | char strcspn (void);
      |      ^~~~~~~
conftest.c:69:1: note: 'strcspn' is declared in header '<string.h>'
   68 | #include <limits.h>
   69 | #undef strcspn
configure:21890: $? = 0
configure:21890: result: yes
configure:21896: checking for strerror
configure:21896: gcc -o conftest -g -O2   conftest.c -lvulkan   >&5
configure:21896: $? = 0
configure:21896: result: yes
configure:21902: checking for strrchr
configure:21902: gcc -o conftest -g -O2   conftest.c -lvulkan   >&5
conftest.c:79:6: warning: conflicting types for built-in function 'strrchr'; expected 'char *(const char *, int)' [-Wbuiltin-declaration-mismatch]
   79 | char strrchr (void);
      |      ^~~~~~~
conftest.c:71:1: note: 'strrchr' is declared in header '<string.h>'
   70 | #include <limits.h>
   71 | #undef strrchr
configure:21902: $? = 0
configure:21902: result: yes
configure:21908: checking for strspn
configure:21908: gcc -o conftest -g -O2   conftest.c -lvulkan   >&5
conftest.c:80:6: warning: conflicting types for built-in function 'strspn'; expected 'long unsigned int(const char *, const char *)' [-Wbuiltin-declaration-mismatch]
   80 | char strspn (void);
      |      ^~~~~~
conftest.c:72:1: note: 'strspn' is declared in header '<string.h>'
   71 | #include <limits.h>
   72 | #undef strspn
configure:21908: $? = 0
configure:21908: result: yes
configure:21914: checking for strstr
configure:21914: gcc -o conftest -g -O2   conftest.c -lvulkan   >&5
conftest.c:81:6: warning: conflicting types for built-in function 'strstr'; expected 'char *(const char *, const char *)' [-Wbuiltin-declaration-mismatch]
   81 | char strstr (void);
      |      ^~~~~~
conftest.c:73:1: note: 'strstr' is declared in header '<string.h>'
   72 | #include <limits.h>
   73 | #undef strstr
configure:21914: $? = 0
configure:21914: result: yes
configure:21920: checking for strtol
configure:21920: gcc -o conftest -g -O2   conftest.c -lvulkan   >&5
configure:21920: $? = 0
configure:21920: result: yes
configure:21926: checking for strtoul
configure:21926: gcc -o conftest -g -O2   conftest.c -lvulkan   >&5
configure:21926: $? = 0
configure:21926: result: yes
configure:22038: checking that generated files are newer than configure
configure:22044: result: done
configure:22087: creating ./config.status

## ---------------- ##
## Cache variables. ##
## ---------------- ##

ac_cv_build=x86_64-pc-linux-gnu
ac_cv_c_compiler_gnu=yes
ac_cv_c_inline=inline
ac_cv_c_int16_t=yes
ac_cv_c_int32_t=yes
ac_cv_c_int64_t=yes
ac_cv_c_int8_t=yes
ac_cv_c_restrict=__restrict__
ac_cv_c_uint16_t=yes
ac_cv_c_uint32_t=yes
ac_cv_c_uint64_t=yes
ac_cv_c_uint8_t=yes
ac_cv_cxx_compiler_gnu=yes
ac_cv_env_CCC_set=
ac_cv_env_CCC_value=
ac_cv_env_CC_set=
ac_cv_env_CC_value=
ac_cv_env_CFLAGS_set=
ac_cv_env_CFLAGS_value=
ac_cv_env_CPPFLAGS_set=
ac_cv_env_CPPFLAGS_value=
ac_cv_env_CPP_set=
ac_cv_env_CPP_value=
ac_cv_env_CXXCPP_set=
ac_cv_env_CXXCPP_value=
ac_cv_env_CXXFLAGS_set=
ac_cv_env_CXXFLAGS_value=
ac_cv_env_CXX_set=
ac_cv_env_CXX_value=
ac_cv_env_LDFLAGS_set=
ac_cv_env_LDFLAGS_value=
ac_cv_env_LIBS_set=
ac_cv_env_LIBS_value=
ac_cv_env_LT_SYS_LIBRARY_PATH_set=
ac_cv_env_LT_SYS_LIBRARY_PATH_value=
ac_cv_env_VULKAN_SDK_set=set
ac_cv_env_VULKAN_SDK_value=/home/dave/src/1.4.341.1/1.4.341.1/x86_64
ac_cv_env_XMKMF_set=
ac_cv_env_XMKMF_value=
ac_cv_env_YACC_set=
ac_cv_env_YACC_value=
ac_cv_env_YFLAGS_set=
ac_cv_env_YFLAGS_value=
ac_cv_env_build_alias_set=
ac_cv_env_build_alias_value=
ac_cv_env_host_alias_set=
ac_cv_env_host_alias_value=
ac_cv_env_target_alias_set=
ac_cv_env_target_alias_value=
ac_cv_func_alloca_works=yes
ac_cv_func_clock_gettime=yes
ac_cv_func_floor=no
ac_cv_func_ftruncate=yes
ac_cv_func_getpagesize=yes
ac_cv_func_gettimeofday=yes
ac_cv_func_malloc_0_nonnull=yes
ac_cv_func_memmove=yes
ac_cv_func_memset=yes
ac_cv_func_mmap_fixed_mapped=yes
ac_cv_func_munmap=yes
ac_cv_func_pow=no
ac_cv_func_realloc_0_nonnull=yes
ac_cv_func_regcomp=yes
ac_cv_func_setlocale=yes
ac_cv_func_sqrt=no
ac_cv_func_strcasecmp=yes
ac_cv_func_strchr=yes
ac_cv_func_strcspn=yes
ac_cv_func_strerror=yes
ac_cv_func_strrchr=yes
ac_cv_func_strspn=yes
ac_cv_func_strstr=yes
ac_cv_func_strtol=yes
ac_cv_func_strtoul=yes
ac_cv_have_x='have_x=yes	ac_x_includes='\'''\''	ac_x_libraries='\'''\'''
ac_cv_header_dlfcn_h=yes
ac_cv_header_fcntl_h=yes
ac_cv_header_inttypes_h=yes
ac_cv_header_libintl_h=yes
ac_cv_header_mach_mach_h=no
ac_cv_header_malloc_h=yes
ac_cv_header_stdbool_h=yes
ac_cv_header_stdint_h=yes
ac_cv_header_stdio_h=yes
ac_cv_header_stdlib_h=yes
ac_cv_header_string_h=yes
ac_cv_header_strings_h=yes
ac_cv_header_sys_ioctl_h=yes
ac_cv_header_sys_param_h=yes
ac_cv_header_sys_stat_h=yes
ac_cv_header_sys_time_h=yes
ac_cv_header_sys_timeb_h=yes
ac_cv_header_sys_types_h=yes
ac_cv_header_unistd_h=yes
ac_cv_header_vulkan_vulkan_h=yes
ac_cv_host=x86_64-pc-linux-gnu
ac_cv_lib_lex='none needed'
ac_cv_lib_vulkan__vkAllocateCommandBuffers_=yes
ac_cv_objext=o
ac_cv_path_EGREP='/usr/bin/grep -E'
ac_cv_path_EGREP_TRADITIONAL='/usr/bin/grep -E'
ac_cv_path_FGREP='/usr/bin/grep -F'
ac_cv_path_GREP=/usr/bin/grep
ac_cv_path_SED=/usr/bin/sed
ac_cv_path_install='/usr/bin/install -c'
ac_cv_path_lt_DD=/usr/bin/dd
ac_cv_path_mkdir=/usr/bin/mkdir
ac_cv_prog_AWK=gawk
ac_cv_prog_CPP='gcc -E'
ac_cv_prog_CXXCPP='g++ -E'
ac_cv_prog_FILECMD=file
ac_cv_prog_LEX=flex
ac_cv_prog_YACC='bison -y'
ac_cv_prog_ac_ct_AR=ar
ac_cv_prog_ac_ct_CC=gcc
ac_cv_prog_ac_ct_CXX=g++
ac_cv_prog_ac_ct_MANIFEST_TOOL=mt
ac_cv_prog_ac_ct_OBJDUMP=objdump
ac_cv_prog_ac_ct_RANLIB=ranlib
ac_cv_prog_ac_ct_STRIP=strip
ac_cv_prog_cc_c11=
ac_cv_prog_cc_g=yes
ac_cv_prog_cc_stdc=
ac_cv_prog_cxx_cxx11=
ac_cv_prog_cxx_g=yes
ac_cv_prog_cxx_stdcxx=
ac_cv_prog_lex_root=lex.yy
ac_cv_prog_lex_yytext_pointer=yes
ac_cv_prog_make_make_set=yes
ac_cv_search_yywrap=-ll
ac_cv_type__Bool=yes
ac_cv_type_off_t=yes
ac_cv_type_ptrdiff_t=yes
ac_cv_type_size_t=yes
ac_cv_type_ssize_t=yes
ac_cv_working_alloca_h=yes
am_cv_CC_dependencies_compiler_type=gcc3
am_cv_CXX_dependencies_compiler_type=gcc3
am_cv_filesystem_timestamp_resolution=0.01
am_cv_make_support_nested_variables=yes
am_cv_prog_cc_c_o=yes
am_cv_sleep_fractional_seconds=yes
am_cv_xargs_n_works=yes
ax_cv_c_openmp=-fopenmp
lt_cv_ar_at_file=@
lt_cv_archive_cmds_need_lc=no
lt_cv_deplibs_check_method=pass_all
lt_cv_file_magic_cmd='$MAGIC_CMD'
lt_cv_file_magic_test_file=
lt_cv_ld_reload_flag=-r
lt_cv_nm_interface='BSD nm'
lt_cv_objdir=.libs
lt_cv_path_LD=/usr/bin/ld
lt_cv_path_LDCXX='/usr/bin/ld -m elf_x86_64'
lt_cv_path_NM='/usr/bin/nm -B'
lt_cv_path_manifest_tool=no
lt_cv_prog_compiler_c_o=yes
lt_cv_prog_compiler_c_o_CXX=yes
lt_cv_prog_compiler_pic='-fPIC -DPIC'
lt_cv_prog_compiler_pic_CXX='-fPIC -DPIC'
lt_cv_prog_compiler_pic_works=yes
lt_cv_prog_compiler_pic_works_CXX=yes
lt_cv_prog_compiler_rtti_exceptions=no
lt_cv_prog_compiler_static_works=yes
lt_cv_prog_compiler_static_works_CXX=yes
lt_cv_prog_gnu_ld=yes
lt_cv_prog_gnu_ldcxx=yes
lt_cv_sharedlib_from_linklib_cmd='printf %s\n'
lt_cv_shlibpath_overrides_runpath=yes
lt_cv_sys_global_symbol_pipe='/usr/bin/sed -n -e '\''s/^.*[	 ]\([ABCDGIRSTW][ABCDGIRSTW]*\)[	 ][	 ]*\([_A-Za-z][_A-Za-z0-9]*\)$/\1 \2 \2/p'\'' | /usr/bin/sed '\''/ __gnu_lto/d'\'''
lt_cv_sys_global_symbol_to_c_name_address='/usr/bin/sed -n -e '\''s/^: \(.*\) .*$/  {"\1", (void *) 0},/p'\'' -e '\''s/^[ABCDGIRSTW][ABCDGIRSTW]* .* \(.*\)$/  {"\1", (void *) \&\1},/p'\'''
lt_cv_sys_global_symbol_to_c_name_address_lib_prefix='/usr/bin/sed -n -e '\''s/^: \(.*\) .*$/  {"\1", (void *) 0},/p'\'' -e '\''s/^[ABCDGIRSTW][ABCDGIRSTW]* .* \(lib.*\)$/  {"\1", (void *) \&\1},/p'\'' -e '\''s/^[ABCDGIRSTW][ABCDGIRSTW]* .* \(.*\)$/  {"lib\1", (void *) \&\1},/p'\'''
lt_cv_sys_global_symbol_to_cdecl='/usr/bin/sed -n -e '\''s/^T .* \(.*\)$/extern int \1();/p'\'' -e '\''s/^[ABCDGIRSTW][ABCDGIRSTW]* .* \(.*\)$/extern char \1;/p'\'''
lt_cv_sys_global_symbol_to_import=
lt_cv_sys_max_cmd_len=1572864
lt_cv_to_host_file_cmd=func_convert_file_noop
lt_cv_to_tool_file_cmd=func_convert_file_noop
lt_cv_truncate_bin='/usr/bin/dd bs=4096 count=1'

## ----------------- ##
## Output variables. ##
## ----------------- ##

ACLOCAL='${SHELL} '\''/media/dave/66500f06-a3cf-47f0-84ba-8a504c126c1b/vulkan-engine/missing'\'' aclocal-1.17'
ALLOCA=''
AMDEPBACKSLASH='\'
AMDEP_FALSE='#'
AMDEP_TRUE=''
AMTAR='$${TAR-tar}'
AM_BACKSLASH='\'
AM_DEFAULT_V='$(AM_DEFAULT_VERBOSITY)'
AM_DEFAULT_VERBOSITY='1'
AM_V='$(V)'
AR='ar'
AUTOCONF='${SHELL} '\''/media/dave/66500f06-a3cf-47f0-84ba-8a504c126c1b/vulkan-engine/missing'\'' autoconf'
AUTOHEADER='${SHELL} '\''/media/dave/66500f06-a3cf-47f0-84ba-8a504c126c1b/vulkan-engine/missing'\'' autoheader'
AUTOMAKE='${SHELL} '\''/media/dave/66500f06-a3cf-47f0-84ba-8a504c126c1b/vulkan-engine/missing'\'' automake-1.17'
AWK='gawk'
CC='gcc'
CCDEPMODE='depmode=gcc3'
CFLAGS='-g -O2'
CPP='gcc -E'
CPPFLAGS=''
CSCOPE='cscope'
CTAGS='ctags'
CXX='g++'
CXXCPP='g++ -E'
CXXDEPMODE='depmode=gcc3'
CXXFLAGS='-g -O2'
CYGPATH_W='echo'
DEFS='-DHAVE_CONFIG_H'
DEPDIR='.deps'
DLLTOOL='false'
DSYMUTIL=''
DUMPBIN=''
ECHO_C=''
ECHO_N='-n'
ECHO_T=''
EGREP='/usr/bin/grep -E'
ETAGS='etags'
EXEEXT=''
FGREP='/usr/bin/grep -F'
FILECMD='file'
GREP='/usr/bin/grep'
INSTALL_DATA='${INSTALL} -m 644'
INSTALL_PROGRAM='${INSTALL}'
INSTALL_SCRIPT='${INSTALL}'
INSTALL_STRIP_PROGRAM='$(install_sh) -c -s'
LD='/usr/bin/ld -m elf_x86_64'
LDFLAGS=''
LEX='flex'
LEXLIB='-ll '
LEX_OUTPUT_ROOT='lex.yy'
LIBOBJS=''
LIBS='-lvulkan  '
LIBTOOL='$(SHELL) $(top_builddir)/libtool'
LIPO=''
LN_S='ln -s'
LTLIBOBJS=''
LT_SYS_LIBRARY_PATH=''
MAKEINFO='${SHELL} '\''/media/dave/66500f06-a3cf-47f0-84ba-8a504c126c1b/vulkan-engine/missing'\'' makeinfo'
MANIFEST_TOOL=':'
MKDIR_P='/usr/bin/mkdir -p'
NM='/usr/bin/nm -B'
NMEDIT=''
OBJDUMP='objdump'
OBJEXT='o'
OTOOL64=''
OTOOL=''
PACKAGE='vulkan-engine'
PACKAGE_BUGREPORT='BUG-REPORT-ADDRESS'
PACKAGE_NAME='vulkan-engine'
PACKAGE_STRING='vulkan-engine VERSION'
PACKAGE_TARNAME='vulkan-engine'
PACKAGE_URL=''
PACKAGE_VERSION='VERSION'
PATH_SEPARATOR=':'
RANLIB='ranlib'
SED='/usr/bin/sed'
SET_MAKE=''
SHELL='/bin/bash'
STRIP='strip'
VERSION='VERSION'
VULKAN_ENABLED='false'
VULKAN_FLAGS=''
VULKAN_SDK='/home/dave/src/1.4.341.1/1.4.341.1/x86_64'
VULKAN_SHADER_COMPILER=''
XMKMF=''
YACC='bison -y'
YFLAGS=''
ac_ct_AR='ar'
ac_ct_CC='gcc'
ac_ct_CXX='g++'
ac_ct_DUMPBIN=''
am__EXEEXT_FALSE=''
am__EXEEXT_TRUE='#'
am__fastdepCC_FALSE='#'
am__fastdepCC_TRUE=''
am__fastdepCXX_FALSE='#'
am__fastdepCXX_TRUE=''
am__include='include'
am__isrc=''
am__leading_dot='.'
am__nodep='_no'
am__quote=''
am__rm_f_notfound=''
am__tar='$${TAR-tar} chof - "$$tardir"'
am__untar='$${TAR-tar} xf -'
am__xargs_n='xargs -n'
bindir='${exec_prefix}/bin'
build='x86_64-pc-linux-gnu'
build_alias=''
build_cpu='x86_64'
build_os='linux-gnu'
build_vendor='pc'
datadir='${datarootdir}'
datarootdir='${prefix}/share'
docdir='${datarootdir}/doc/${PACKAGE_TARNAME}'
dvidir='${docdir}'
exec_prefix='${prefix}'
host='x86_64-pc-linux-gnu'
host_alias=''
host_cpu='x86_64'
host_os='linux-gnu'
host_vendor='pc'
htmldir='${docdir}'
includedir='${prefix}/include'
infodir='${datarootdir}/info'
install_sh='${SHELL} /media/dave/66500f06-a3cf-47f0-84ba-8a504c126c1b/vulkan-engine/install-sh'
libdir='${exec_prefix}/lib'
libexecdir='${exec_prefix}/libexec'
localedir='${datarootdir}/locale'
localstatedir='${prefix}/var'
mandir='${datarootdir}/man'
mkdir_p='$(MKDIR_P)'
oldincludedir='/usr/include'
pdfdir='${docdir}'
prefix='/usr/local'
program_transform_name='s,x,x,'
psdir='${docdir}'
runstatedir='${localstatedir}/run'
sbindir='${exec_prefix}/sbin'
sharedstatedir='${prefix}/com'
sysconfdir='${prefix}/etc'
target_alias=''

## ----------- ##
## confdefs.h. ##
## ----------- ##

/* confdefs.h */
#define PACKAGE_NAME "vulkan-engine"
#define PACKAGE_TARNAME "vulkan-engine"
#define PACKAGE_VERSION "VERSION"
#define PACKAGE_STRING "vulkan-engine VERSION"
#define PACKAGE_BUGREPORT "BUG-REPORT-ADDRESS"
#define PACKAGE_URL ""
#define PACKAGE "vulkan-engine"
#define VERSION "VERSION"
#define HAVE_STDIO_H 1
#define HAVE_STDLIB_H 1
#define HAVE_STRING_H 1
#define HAVE_INTTYPES_H 1
#define HAVE_STDINT_H 1
#define HAVE_STRINGS_H 1
#define HAVE_SYS_STAT_H 1
#define HAVE_SYS_TYPES_H 1
#define HAVE_UNISTD_H 1
#define HAVE_SYS_PARAM_H 1
#define STDC_HEADERS 1
#define HAVE_DLFCN_H 1
#define LT_OBJDIR ".libs/"
#define YYTEXT_POINTER 1
#define HAVE_OPENMP 1
#define HAVE_LIBVULKAN_ 1
#define HAVE_ALLOCA_H 1
#define HAVE_ALLOCA 1
#define HAVE_INTTYPES_H 1
#define HAVE_LIBINTL_H 1
#define HAVE_MALLOC_H 1
#define HAVE_STDINT_H 1
#define HAVE_UNISTD_H 1
#define HAVE_FCNTL_H 1
#define HAVE_INTTYPES_H 1
#define HAVE_STDINT_H 1
#define HAVE_SYS_IOCTL_H 1
#define HAVE_SYS_PARAM_H 1
#define HAVE_SYS_TIME_H 1
#define HAVE_SYS_TIMEB_H 1
#define HAVE_UNISTD_H 1
#define HAVE_VULKAN_VULKAN_H 1
#define HAVE__BOOL 1
#define restrict __restrict__
#define HAVE_PTRDIFF_T 1
#define HAVE_PTRDIFF_T 1
#define HAVE_MALLOC 1
#define HAVE_GETPAGESIZE 1
#define HAVE_MMAP 1
#define HAVE_REALLOC 1
#define HAVE_CLOCK_GETTIME 1
#define HAVE_FTRUNCATE 1
#define HAVE_GETTIMEOFDAY 1
#define HAVE_MEMMOVE 1
#define HAVE_MEMSET 1
#define HAVE_MUNMAP 1
#define HAVE_REGCOMP 1
#define HAVE_SETLOCALE 1
#define HAVE_STRCASECMP 1
#define HAVE_STRCHR 1
#define HAVE_STRCSPN 1
#define HAVE_STRERROR 1
#define HAVE_STRRCHR 1
#define HAVE_STRSPN 1
#define HAVE_STRSTR 1
#define HAVE_STRTOL 1
#define HAVE_STRTOUL 1

configure: exit 0

## ---------------------- ##
## Running config.status. ##
## ---------------------- ##

This file was extended by vulkan-engine config.status VERSION, which was
generated by GNU Autoconf 2.72.  Invocation command line was

  CONFIG_FILES    = 
  CONFIG_HEADERS  = 
  CONFIG_LINKS    = 
  CONFIG_COMMANDS = 
  $ ./config.status 

on dave-precisiontower7910

config.status:1207: creating Makefile
config.status:1207: creating config.h
config.status:1388: config.h is unchanged
config.status:1436: executing depfiles commands
config.status:1513: cd .       && sed -e '/# am--include-marker/d' Makefile         | make -f - am--depfiles
make[1]: Entering directory '/media/dave/66500f06-a3cf-47f0-84ba-8a504c126c1b/vulkan-engine'
make[1]: Nothing to be done for 'am--depfiles'.
make[1]: Leaving directory '/media/dave/66500f06-a3cf-47f0-84ba-8a504c126c1b/vulkan-engine'
config.status:1518: $? = 0
config.status:1436: executing libtool commands

## ---------------------- ##
## Running config.status. ##
## ---------------------- ##

This file was extended by vulkan-engine config.status VERSION, which was
generated by GNU Autoconf 2.72.  Invocation command line was

  CONFIG_FILES    = 
  CONFIG_HEADERS  = 
  CONFIG_LINKS    = 
  CONFIG_COMMANDS = 
  $ ./config.status Makefile depfiles

on dave-precisiontower7910

config.status:1207: creating Makefile
config.status:1436: executing depfiles commands
config.status:1513: cd .       && sed -e '/# am--include-marker/d' Makefile         | make -f - am--depfiles
make[1]: Entering directory '/media/dave/66500f06-a3cf-47f0-84ba-8a504c126c1b/vulkan-engine'
make[1]: Nothing to be done for 'am--depfiles'.
make[1]: Leaving directory '/media/dave/66500f06-a3cf-47f0-84ba-8a504c126c1b/vulkan-engine'
config.status:1518: $? = 0
